<!doctype html public "-//w3c//dtd html 4.0 transitional//en">
<html><head>
<title>Static Call Graph - [STM32F769I_DISCO\STM32F769I_DISCO.axf]</title></head>
<body><HR>
<H1>Static Call Graph for image STM32F769I_DISCO\STM32F769I_DISCO.axf</H1><HR>
<BR><P>#&#060CALLGRAPH&#062# ARM Linker, 5060960: Last Updated: Sun Aug 07 10:54:15 2022
<BR><P>
<H3>Maximum Stack Usage =       2188 bytes + Unknown(Cycles, Untraceable Function Pointers)</H3><H3>
Call chain for Maximum Stack Depth:</H3>
main &rArr; HAL_JPEG_Init &rArr; JPEG_Set_HuffEnc_Mem &rArr; JPEG_Set_HuffAC_Mem &rArr; JPEG_ACHuff_BitsVals_To_SizeCodes &rArr; JPEG_Bits_To_SizeCodes
<P>
<H3>
Mutually Recursive functions
</H3> <LI><a href="#[2f]">ADC_IRQHandler</a>&nbsp;&nbsp;&nbsp;&rArr;&nbsp;&nbsp;&nbsp;<a href="#[2f]">ADC_IRQHandler</a><BR>
 <LI><a href="#[17]">BusFault_Handler</a>&nbsp;&nbsp;&nbsp;&rArr;&nbsp;&nbsp;&nbsp;<a href="#[17]">BusFault_Handler</a><BR>
 <LI><a href="#[15]">HardFault_Handler</a>&nbsp;&nbsp;&nbsp;&rArr;&nbsp;&nbsp;&nbsp;<a href="#[15]">HardFault_Handler</a><BR>
 <LI><a href="#[16]">MemManage_Handler</a>&nbsp;&nbsp;&nbsp;&rArr;&nbsp;&nbsp;&nbsp;<a href="#[16]">MemManage_Handler</a><BR>
 <LI><a href="#[c4]">StartDefaultTask</a>&nbsp;&nbsp;&nbsp;&rArr;&nbsp;&nbsp;&nbsp;<a href="#[c4]">StartDefaultTask</a><BR>
 <LI><a href="#[18]">UsageFault_Handler</a>&nbsp;&nbsp;&nbsp;&rArr;&nbsp;&nbsp;&nbsp;<a href="#[18]">UsageFault_Handler</a><BR>
 <LI><a href="#[3b4]">touchgfx::TouchCalibration::muldivu(unsigned, unsigned, unsigned, unsigned, unsigned, unsigned&)</a>&nbsp;&nbsp;&nbsp;&rArr;&nbsp;&nbsp;&nbsp;<a href="#[3b4]">touchgfx::TouchCalibration::muldivu(unsigned, unsigned, unsigned, unsigned, unsigned, unsigned&)</a><BR>
 <LI><a href="#[3de]">touchgfx::Screen::JSMOC(const touchgfx::Rect&, touchgfx::Drawable*)</a>&nbsp;&nbsp;&nbsp;&rArr;&nbsp;&nbsp;&nbsp;<a href="#[3de]">touchgfx::Screen::JSMOC(const touchgfx::Rect&, touchgfx::Drawable*)</a><BR>
 <LI><a href="#[3a5]">touchgfx::TextProvider::getNextCharInternal()</a>&nbsp;&nbsp;&nbsp;&rArr;&nbsp;&nbsp;&nbsp;<a href="#[3a5]">touchgfx::TextProvider::getNextCharInternal()</a><BR>
</UL>
<P>
<H3>
Function Pointers
</H3><UL>
 <LI><a href="#[2f]">ADC_IRQHandler</a> from startup_stm32f769xx.o(.text) referenced from startup_stm32f769xx.o(RESET)
 <LI><a href="#[17]">BusFault_Handler</a> from stm32f7xx_it.o(i.BusFault_Handler) referenced from startup_stm32f769xx.o(RESET)
 <LI><a href="#[31]">CAN1_RX0_IRQHandler</a> from startup_stm32f769xx.o(.text) referenced from startup_stm32f769xx.o(RESET)
 <LI><a href="#[32]">CAN1_RX1_IRQHandler</a> from startup_stm32f769xx.o(.text) referenced from startup_stm32f769xx.o(RESET)
 <LI><a href="#[33]">CAN1_SCE_IRQHandler</a> from startup_stm32f769xx.o(.text) referenced from startup_stm32f769xx.o(RESET)
 <LI><a href="#[30]">CAN1_TX_IRQHandler</a> from startup_stm32f769xx.o(.text) referenced from startup_stm32f769xx.o(RESET)
 <LI><a href="#[5d]">CAN2_RX0_IRQHandler</a> from startup_stm32f769xx.o(.text) referenced from startup_stm32f769xx.o(RESET)
 <LI><a href="#[5e]">CAN2_RX1_IRQHandler</a> from startup_stm32f769xx.o(.text) referenced from startup_stm32f769xx.o(RESET)
 <LI><a href="#[5f]">CAN2_SCE_IRQHandler</a> from startup_stm32f769xx.o(.text) referenced from startup_stm32f769xx.o(RESET)
 <LI><a href="#[5c]">CAN2_TX_IRQHandler</a> from startup_stm32f769xx.o(.text) referenced from startup_stm32f769xx.o(RESET)
 <LI><a href="#[85]">CAN3_RX0_IRQHandler</a> from startup_stm32f769xx.o(.text) referenced from startup_stm32f769xx.o(RESET)
 <LI><a href="#[86]">CAN3_RX1_IRQHandler</a> from startup_stm32f769xx.o(.text) referenced from startup_stm32f769xx.o(RESET)
 <LI><a href="#[87]">CAN3_SCE_IRQHandler</a> from startup_stm32f769xx.o(.text) referenced from startup_stm32f769xx.o(RESET)
 <LI><a href="#[84]">CAN3_TX_IRQHandler</a> from startup_stm32f769xx.o(.text) referenced from startup_stm32f769xx.o(RESET)
 <LI><a href="#[7a]">CEC_IRQHandler</a> from startup_stm32f769xx.o(.text) referenced from startup_stm32f769xx.o(RESET)
 <LI><a href="#[6b]">DCMI_IRQHandler</a> from startup_stm32f769xx.o(.text) referenced from startup_stm32f769xx.o(RESET)
 <LI><a href="#[7f]">DFSDM1_FLT0_IRQHandler</a> from startup_stm32f769xx.o(.text) referenced from startup_stm32f769xx.o(RESET)
 <LI><a href="#[80]">DFSDM1_FLT1_IRQHandler</a> from startup_stm32f769xx.o(.text) referenced from startup_stm32f769xx.o(RESET)
 <LI><a href="#[81]">DFSDM1_FLT2_IRQHandler</a> from startup_stm32f769xx.o(.text) referenced from startup_stm32f769xx.o(RESET)
 <LI><a href="#[82]">DFSDM1_FLT3_IRQHandler</a> from startup_stm32f769xx.o(.text) referenced from startup_stm32f769xx.o(RESET)
 <LI><a href="#[28]">DMA1_Stream0_IRQHandler</a> from startup_stm32f769xx.o(.text) referenced from startup_stm32f769xx.o(RESET)
 <LI><a href="#[29]">DMA1_Stream1_IRQHandler</a> from startup_stm32f769xx.o(.text) referenced from startup_stm32f769xx.o(RESET)
 <LI><a href="#[2a]">DMA1_Stream2_IRQHandler</a> from startup_stm32f769xx.o(.text) referenced from startup_stm32f769xx.o(RESET)
 <LI><a href="#[2b]">DMA1_Stream3_IRQHandler</a> from startup_stm32f769xx.o(.text) referenced from startup_stm32f769xx.o(RESET)
 <LI><a href="#[2c]">DMA1_Stream4_IRQHandler</a> from startup_stm32f769xx.o(.text) referenced from startup_stm32f769xx.o(RESET)
 <LI><a href="#[2d]">DMA1_Stream5_IRQHandler</a> from startup_stm32f769xx.o(.text) referenced from startup_stm32f769xx.o(RESET)
 <LI><a href="#[2e]">DMA1_Stream6_IRQHandler</a> from startup_stm32f769xx.o(.text) referenced from startup_stm32f769xx.o(RESET)
 <LI><a href="#[4c]">DMA1_Stream7_IRQHandler</a> from startup_stm32f769xx.o(.text) referenced from startup_stm32f769xx.o(RESET)
 <LI><a href="#[76]">DMA2D_IRQHandler</a> from stm32f7xx_it.o(i.DMA2D_IRQHandler) referenced from startup_stm32f769xx.o(RESET)
 <LI><a href="#[55]">DMA2_Stream0_IRQHandler</a> from stm32f7xx_it.o(i.DMA2_Stream0_IRQHandler) referenced from startup_stm32f769xx.o(RESET)
 <LI><a href="#[56]">DMA2_Stream1_IRQHandler</a> from stm32f7xx_it.o(i.DMA2_Stream1_IRQHandler) referenced from startup_stm32f769xx.o(RESET)
 <LI><a href="#[57]">DMA2_Stream2_IRQHandler</a> from startup_stm32f769xx.o(.text) referenced from startup_stm32f769xx.o(RESET)
 <LI><a href="#[58]">DMA2_Stream3_IRQHandler</a> from startup_stm32f769xx.o(.text) referenced from startup_stm32f769xx.o(RESET)
 <LI><a href="#[59]">DMA2_Stream4_IRQHandler</a> from startup_stm32f769xx.o(.text) referenced from startup_stm32f769xx.o(RESET)
 <LI><a href="#[61]">DMA2_Stream5_IRQHandler</a> from startup_stm32f769xx.o(.text) referenced from startup_stm32f769xx.o(RESET)
 <LI><a href="#[62]">DMA2_Stream6_IRQHandler</a> from startup_stm32f769xx.o(.text) referenced from startup_stm32f769xx.o(RESET)
 <LI><a href="#[63]">DMA2_Stream7_IRQHandler</a> from startup_stm32f769xx.o(.text) referenced from startup_stm32f769xx.o(RESET)
 <LI><a href="#[7e]">DSI_IRQHandler</a> from stm32f7xx_it.o(i.DSI_IRQHandler) referenced from startup_stm32f769xx.o(RESET)
 <LI><a href="#[1a]">DebugMon_Handler</a> from stm32f7xx_it.o(i.DebugMon_Handler) referenced from startup_stm32f769xx.o(RESET)
 <LI><a href="#[5a]">ETH_IRQHandler</a> from startup_stm32f769xx.o(.text) referenced from startup_stm32f769xx.o(RESET)
 <LI><a href="#[5b]">ETH_WKUP_IRQHandler</a> from startup_stm32f769xx.o(.text) referenced from startup_stm32f769xx.o(RESET)
 <LI><a href="#[23]">EXTI0_IRQHandler</a> from startup_stm32f769xx.o(.text) referenced from startup_stm32f769xx.o(RESET)
 <LI><a href="#[45]">EXTI15_10_IRQHandler</a> from startup_stm32f769xx.o(.text) referenced from startup_stm32f769xx.o(RESET)
 <LI><a href="#[24]">EXTI1_IRQHandler</a> from startup_stm32f769xx.o(.text) referenced from startup_stm32f769xx.o(RESET)
 <LI><a href="#[25]">EXTI2_IRQHandler</a> from startup_stm32f769xx.o(.text) referenced from startup_stm32f769xx.o(RESET)
 <LI><a href="#[26]">EXTI3_IRQHandler</a> from startup_stm32f769xx.o(.text) referenced from startup_stm32f769xx.o(RESET)
 <LI><a href="#[27]">EXTI4_IRQHandler</a> from startup_stm32f769xx.o(.text) referenced from startup_stm32f769xx.o(RESET)
 <LI><a href="#[34]">EXTI9_5_IRQHandler</a> from startup_stm32f769xx.o(.text) referenced from startup_stm32f769xx.o(RESET)
 <LI><a href="#[21]">FLASH_IRQHandler</a> from startup_stm32f769xx.o(.text) referenced from startup_stm32f769xx.o(RESET)
 <LI><a href="#[4d]">FMC_IRQHandler</a> from startup_stm32f769xx.o(.text) referenced from startup_stm32f769xx.o(RESET)
 <LI><a href="#[6d]">FPU_IRQHandler</a> from startup_stm32f769xx.o(.text) referenced from startup_stm32f769xx.o(RESET)
 <LI><a href="#[15]">HardFault_Handler</a> from stm32f7xx_it.o(i.HardFault_Handler) referenced from startup_stm32f769xx.o(RESET)
 <LI><a href="#[3d]">I2C1_ER_IRQHandler</a> from startup_stm32f769xx.o(.text) referenced from startup_stm32f769xx.o(RESET)
 <LI><a href="#[3c]">I2C1_EV_IRQHandler</a> from startup_stm32f769xx.o(.text) referenced from startup_stm32f769xx.o(RESET)
 <LI><a href="#[3f]">I2C2_ER_IRQHandler</a> from startup_stm32f769xx.o(.text) referenced from startup_stm32f769xx.o(RESET)
 <LI><a href="#[3e]">I2C2_EV_IRQHandler</a> from startup_stm32f769xx.o(.text) referenced from startup_stm32f769xx.o(RESET)
 <LI><a href="#[66]">I2C3_ER_IRQHandler</a> from startup_stm32f769xx.o(.text) referenced from startup_stm32f769xx.o(RESET)
 <LI><a href="#[65]">I2C3_EV_IRQHandler</a> from startup_stm32f769xx.o(.text) referenced from startup_stm32f769xx.o(RESET)
 <LI><a href="#[7c]">I2C4_ER_IRQHandler</a> from startup_stm32f769xx.o(.text) referenced from startup_stm32f769xx.o(RESET)
 <LI><a href="#[7b]">I2C4_EV_IRQHandler</a> from stm32f7xx_it.o(i.I2C4_EV_IRQHandler) referenced from startup_stm32f769xx.o(RESET)
 <LI><a href="#[c9]">IdleTaskHook</a> from touchgfxhal.o(i.IdleTaskHook) referenced from freertos.o(i.vApplicationIdleHook)
 <LI><a href="#[8d]">JPEG_DMAErrorCallback</a> from stm32f7xx_hal_jpeg.o(i.JPEG_DMAErrorCallback) referenced from stm32f7xx_hal_jpeg.o(i.JPEG_DMA_StartProcess)
 <LI><a href="#[8e]">JPEG_DMAInCpltCallback</a> from stm32f7xx_hal_jpeg.o(i.JPEG_DMAInCpltCallback) referenced from stm32f7xx_hal_jpeg.o(i.JPEG_DMA_StartProcess)
 <LI><a href="#[90]">JPEG_DMAOutAbortCallback</a> from stm32f7xx_hal_jpeg.o(i.JPEG_DMAOutAbortCallback) referenced from stm32f7xx_hal_jpeg.o(i.JPEG_DMA_StartProcess)
 <LI><a href="#[8f]">JPEG_DMAOutCpltCallback</a> from stm32f7xx_hal_jpeg.o(i.JPEG_DMAOutCpltCallback) referenced from stm32f7xx_hal_jpeg.o(i.JPEG_DMA_StartProcess)
 <LI><a href="#[88]">JPEG_IRQHandler</a> from stm32f7xx_it.o(i.JPEG_IRQHandler) referenced from startup_stm32f769xx.o(RESET)
 <LI><a href="#[94]">JPEG_MCU_Gray_ARGB_ConvertBlocks</a> from jpeg_utils.o(i.JPEG_MCU_Gray_ARGB_ConvertBlocks) referenced from jpeg_utils.o(i.JPEG_GetDecodeColorConvertFunc)
 <LI><a href="#[99]">JPEG_MCU_Gray_ARGB_ConvertBlocks</a> from tgfx_jpeg_utils.o(i.JPEG_MCU_Gray_ARGB_ConvertBlocks) referenced from tgfx_jpeg_utils.o(i.TGFX_JPEG_GetDecodeColorConvertFunc)
 <LI><a href="#[95]">JPEG_MCU_YCCK_ARGB_ConvertBlocks</a> from jpeg_utils.o(i.JPEG_MCU_YCCK_ARGB_ConvertBlocks) referenced from jpeg_utils.o(i.JPEG_GetDecodeColorConvertFunc)
 <LI><a href="#[9a]">JPEG_MCU_YCCK_ARGB_ConvertBlocks</a> from tgfx_jpeg_utils.o(i.JPEG_MCU_YCCK_ARGB_ConvertBlocks) referenced from tgfx_jpeg_utils.o(i.TGFX_JPEG_GetDecodeColorConvertFunc)
 <LI><a href="#[92]">JPEG_MCU_YCbCr420_ARGB_ConvertBlocks</a> from jpeg_utils.o(i.JPEG_MCU_YCbCr420_ARGB_ConvertBlocks) referenced from jpeg_utils.o(i.JPEG_GetDecodeColorConvertFunc)
 <LI><a href="#[93]">JPEG_MCU_YCbCr422_ARGB_ConvertBlocks</a> from jpeg_utils.o(i.JPEG_MCU_YCbCr422_ARGB_ConvertBlocks) referenced from jpeg_utils.o(i.JPEG_GetDecodeColorConvertFunc)
 <LI><a href="#[98]">JPEG_MCU_YCbCr422_ARGB_ConvertBlocks</a> from tgfx_jpeg_utils.o(i.JPEG_MCU_YCbCr422_ARGB_ConvertBlocks) referenced from tgfx_jpeg_utils.o(i.TGFX_JPEG_GetDecodeColorConvertFunc)
 <LI><a href="#[91]">JPEG_MCU_YCbCr444_ARGB_ConvertBlocks</a> from jpeg_utils.o(i.JPEG_MCU_YCbCr444_ARGB_ConvertBlocks) referenced from jpeg_utils.o(i.JPEG_GetDecodeColorConvertFunc)
 <LI><a href="#[96]">JPEG_MCU_YCbCr444_ARGB_ConvertBlocks</a> from tgfx_jpeg_utils.o(i.JPEG_MCU_YCbCr444_ARGB_ConvertBlocks) referenced from tgfx_jpeg_utils.o(i.TGFX_JPEG_GetDecodeColorConvertFunc)
 <LI><a href="#[79]">LPTIM1_IRQHandler</a> from startup_stm32f769xx.o(.text) referenced from startup_stm32f769xx.o(RESET)
 <LI><a href="#[75]">LTDC_ER_IRQHandler</a> from startup_stm32f769xx.o(.text) referenced from startup_stm32f769xx.o(RESET)
 <LI><a href="#[74]">LTDC_IRQHandler</a> from stm32f7xx_it.o(i.LTDC_IRQHandler) referenced from startup_stm32f769xx.o(RESET)
 <LI><a href="#[89]">MDIOS_IRQHandler</a> from startup_stm32f769xx.o(.text) referenced from startup_stm32f769xx.o(RESET)
 <LI><a href="#[16]">MemManage_Handler</a> from stm32f7xx_it.o(i.MemManage_Handler) referenced from startup_stm32f769xx.o(RESET)
 <LI><a href="#[14]">NMI_Handler</a> from stm32f7xx_it.o(i.NMI_Handler) referenced from startup_stm32f769xx.o(RESET)
 <LI><a href="#[60]">OTG_FS_IRQHandler</a> from startup_stm32f769xx.o(.text) referenced from startup_stm32f769xx.o(RESET)
 <LI><a href="#[47]">OTG_FS_WKUP_IRQHandler</a> from startup_stm32f769xx.o(.text) referenced from startup_stm32f769xx.o(RESET)
 <LI><a href="#[68]">OTG_HS_EP1_IN_IRQHandler</a> from startup_stm32f769xx.o(.text) referenced from startup_stm32f769xx.o(RESET)
 <LI><a href="#[67]">OTG_HS_EP1_OUT_IRQHandler</a> from startup_stm32f769xx.o(.text) referenced from startup_stm32f769xx.o(RESET)
 <LI><a href="#[6a]">OTG_HS_IRQHandler</a> from startup_stm32f769xx.o(.text) referenced from startup_stm32f769xx.o(RESET)
 <LI><a href="#[69]">OTG_HS_WKUP_IRQHandler</a> from startup_stm32f769xx.o(.text) referenced from startup_stm32f769xx.o(RESET)
 <LI><a href="#[1e]">PVD_IRQHandler</a> from startup_stm32f769xx.o(.text) referenced from startup_stm32f769xx.o(RESET)
 <LI><a href="#[1b]">PendSV_Handler</a> from port.o(.emb_text) referenced from startup_stm32f769xx.o(RESET)
 <LI><a href="#[78]">QUADSPI_IRQHandler</a> from startup_stm32f769xx.o(.text) referenced from startup_stm32f769xx.o(RESET)
 <LI><a href="#[22]">RCC_IRQHandler</a> from startup_stm32f769xx.o(.text) referenced from startup_stm32f769xx.o(RESET)
 <LI><a href="#[6c]">RNG_IRQHandler</a> from startup_stm32f769xx.o(.text) referenced from startup_stm32f769xx.o(RESET)
 <LI><a href="#[46]">RTC_Alarm_IRQHandler</a> from startup_stm32f769xx.o(.text) referenced from startup_stm32f769xx.o(RESET)
 <LI><a href="#[20]">RTC_WKUP_IRQHandler</a> from startup_stm32f769xx.o(.text) referenced from startup_stm32f769xx.o(RESET)
 <LI><a href="#[13]">Reset_Handler</a> from startup_stm32f769xx.o(.text) referenced from startup_stm32f769xx.o(RESET)
 <LI><a href="#[73]">SAI1_IRQHandler</a> from startup_stm32f769xx.o(.text) referenced from startup_stm32f769xx.o(RESET)
 <LI><a href="#[77]">SAI2_IRQHandler</a> from startup_stm32f769xx.o(.text) referenced from startup_stm32f769xx.o(RESET)
 <LI><a href="#[4e]">SDMMC1_IRQHandler</a> from startup_stm32f769xx.o(.text) referenced from startup_stm32f769xx.o(RESET)
 <LI><a href="#[83]">SDMMC2_IRQHandler</a> from startup_stm32f769xx.o(.text) referenced from startup_stm32f769xx.o(RESET)
 <LI><a href="#[7d]">SPDIF_RX_IRQHandler</a> from startup_stm32f769xx.o(.text) referenced from startup_stm32f769xx.o(RESET)
 <LI><a href="#[40]">SPI1_IRQHandler</a> from startup_stm32f769xx.o(.text) referenced from startup_stm32f769xx.o(RESET)
 <LI><a href="#[41]">SPI2_IRQHandler</a> from startup_stm32f769xx.o(.text) referenced from startup_stm32f769xx.o(RESET)
 <LI><a href="#[50]">SPI3_IRQHandler</a> from startup_stm32f769xx.o(.text) referenced from startup_stm32f769xx.o(RESET)
 <LI><a href="#[70]">SPI4_IRQHandler</a> from startup_stm32f769xx.o(.text) referenced from startup_stm32f769xx.o(RESET)
 <LI><a href="#[71]">SPI5_IRQHandler</a> from startup_stm32f769xx.o(.text) referenced from startup_stm32f769xx.o(RESET)
 <LI><a href="#[72]">SPI6_IRQHandler</a> from startup_stm32f769xx.o(.text) referenced from startup_stm32f769xx.o(RESET)
 <LI><a href="#[19]">SVC_Handler</a> from port.o(.emb_text) referenced from startup_stm32f769xx.o(RESET)
 <LI><a href="#[c4]">StartDefaultTask</a> from main.o(i.StartDefaultTask) referenced from main.o(i.main)
 <LI><a href="#[1c]">SysTick_Handler</a> from port.o(i.SysTick_Handler) referenced from startup_stm32f769xx.o(RESET)
 <LI><a href="#[8b]">SystemInit</a> from system_stm32f7xx.o(i.SystemInit) referenced from startup_stm32f769xx.o(.text)
 <LI><a href="#[1f]">TAMP_STAMP_IRQHandler</a> from startup_stm32f769xx.o(.text) referenced from startup_stm32f769xx.o(RESET)
 <LI><a href="#[97]">TGFX_JPEG_MCU_YCbCr420_ARGB_ConvertBlocks</a> from tgfx_jpeg_utils.o(i.TGFX_JPEG_MCU_YCbCr420_ARGB_ConvertBlocks) referenced from tgfx_jpeg_utils.o(i.TGFX_JPEG_GetDecodeColorConvertFunc)
 <LI><a href="#[35]">TIM1_BRK_TIM9_IRQHandler</a> from startup_stm32f769xx.o(.text) referenced from startup_stm32f769xx.o(RESET)
 <LI><a href="#[38]">TIM1_CC_IRQHandler</a> from startup_stm32f769xx.o(.text) referenced from startup_stm32f769xx.o(RESET)
 <LI><a href="#[37]">TIM1_TRG_COM_TIM11_IRQHandler</a> from startup_stm32f769xx.o(.text) referenced from startup_stm32f769xx.o(RESET)
 <LI><a href="#[36]">TIM1_UP_TIM10_IRQHandler</a> from startup_stm32f769xx.o(.text) referenced from startup_stm32f769xx.o(RESET)
 <LI><a href="#[39]">TIM2_IRQHandler</a> from startup_stm32f769xx.o(.text) referenced from startup_stm32f769xx.o(RESET)
 <LI><a href="#[3a]">TIM3_IRQHandler</a> from startup_stm32f769xx.o(.text) referenced from startup_stm32f769xx.o(RESET)
 <LI><a href="#[3b]">TIM4_IRQHandler</a> from startup_stm32f769xx.o(.text) referenced from startup_stm32f769xx.o(RESET)
 <LI><a href="#[4f]">TIM5_IRQHandler</a> from startup_stm32f769xx.o(.text) referenced from startup_stm32f769xx.o(RESET)
 <LI><a href="#[53]">TIM6_DAC_IRQHandler</a> from stm32f7xx_it.o(i.TIM6_DAC_IRQHandler) referenced from startup_stm32f769xx.o(RESET)
 <LI><a href="#[54]">TIM7_IRQHandler</a> from startup_stm32f769xx.o(.text) referenced from startup_stm32f769xx.o(RESET)
 <LI><a href="#[48]">TIM8_BRK_TIM12_IRQHandler</a> from startup_stm32f769xx.o(.text) referenced from startup_stm32f769xx.o(RESET)
 <LI><a href="#[4b]">TIM8_CC_IRQHandler</a> from startup_stm32f769xx.o(.text) referenced from startup_stm32f769xx.o(RESET)
 <LI><a href="#[4a]">TIM8_TRG_COM_TIM14_IRQHandler</a> from startup_stm32f769xx.o(.text) referenced from startup_stm32f769xx.o(RESET)
 <LI><a href="#[49]">TIM8_UP_TIM13_IRQHandler</a> from startup_stm32f769xx.o(.text) referenced from startup_stm32f769xx.o(RESET)
 <LI><a href="#[c5]">TouchGFX_Task</a> from app_touchgfx.o(i.TouchGFX_Task) referenced from main.o(i.main)
 <LI><a href="#[51]">UART4_IRQHandler</a> from startup_stm32f769xx.o(.text) referenced from startup_stm32f769xx.o(RESET)
 <LI><a href="#[52]">UART5_IRQHandler</a> from startup_stm32f769xx.o(.text) referenced from startup_stm32f769xx.o(RESET)
 <LI><a href="#[6e]">UART7_IRQHandler</a> from startup_stm32f769xx.o(.text) referenced from startup_stm32f769xx.o(RESET)
 <LI><a href="#[6f]">UART8_IRQHandler</a> from startup_stm32f769xx.o(.text) referenced from startup_stm32f769xx.o(RESET)
 <LI><a href="#[42]">USART1_IRQHandler</a> from startup_stm32f769xx.o(.text) referenced from startup_stm32f769xx.o(RESET)
 <LI><a href="#[43]">USART2_IRQHandler</a> from startup_stm32f769xx.o(.text) referenced from startup_stm32f769xx.o(RESET)
 <LI><a href="#[44]">USART3_IRQHandler</a> from startup_stm32f769xx.o(.text) referenced from startup_stm32f769xx.o(RESET)
 <LI><a href="#[64]">USART6_IRQHandler</a> from startup_stm32f769xx.o(.text) referenced from startup_stm32f769xx.o(RESET)
 <LI><a href="#[18]">UsageFault_Handler</a> from stm32f7xx_it.o(i.UsageFault_Handler) referenced from startup_stm32f769xx.o(RESET)
 <LI><a href="#[1d]">WWDG_IRQHandler</a> from startup_stm32f769xx.o(.text) referenced from startup_stm32f769xx.o(RESET)
 <LI><a href="#[9c]">DMA2D_XferCpltCallback(__DMA2D_HandleTypeDef*)</a> from stm32dma.o(i._Z22DMA2D_XferCpltCallbackP21__DMA2D_HandleTypeDef) referenced from stm32dma.o(i._ZN8STM32DMA10initializeEv)
 <LI><a href="#[d6]">Screen1View::setupScreen()</a> from screen1view.o(i._ZN11Screen1View11setupScreenEv) referenced from screen1view.o(.constdata__ZTV11Screen1View)
 <LI><a href="#[d8]">Screen1View::tearDownScreen()</a> from screen1view.o(i._ZN11Screen1View14tearDownScreenEv) referenced from screen1view.o(.constdata__ZTV11Screen1View)
 <LI><a href="#[cd]">Screen1View::textArea1ClickHandler(const touchgfx::TextAreaWithOneWildcard&, const touchgfx::ClickEvent&)</a> from screen1view.o(i._ZN11Screen1View21textArea1ClickHandlerERKN8touchgfx23TextAreaWithOneWildcardERKNS0_10ClickEventE) referenced from screen1view.o(.constdata)
 <LI><a href="#[ce]">Screen1View::KeyboardEscBtClickHandler(Keyboard&)</a> from screen1view.o(i._ZN11Screen1View25KeyboardEscBtClickHandlerER8Keyboard) referenced from screen1view.o(.constdata)
 <LI><a href="#[d1]">Screen1View::KeyboardCnEnterBtClickHandler(Keyboard&)</a> from screen1view.o(i._ZN11Screen1View29KeyboardCnEnterBtClickHandlerER8Keyboard) referenced from screen1view.o(.constdata)
 <LI><a href="#[cf]">Screen1View::KeyboardEnEnterBtClickHandler(Keyboard&)</a> from screen1view.o(i._ZN11Screen1View29KeyboardEnEnterBtClickHandlerER8Keyboard) referenced from screen1view.o(.constdata)
 <LI><a href="#[d0]">Screen1View::KeyboardNbEnterBtClickHandler(Keyboard&)</a> from screen1view.o(i._ZN11Screen1View29KeyboardNbEnterBtClickHandlerER8Keyboard) referenced from screen1view.o(.constdata)
 <LI><a href="#[d4]">Screen1View::~Screen1View()</a> from screen1view.o(i._ZN11Screen1ViewD1Ev) referenced from screen1view.o(.constdata__ZTV11Screen1View)
 <LI><a href="#[fb]">TouchGFXHAL::beginFrame()</a> from touchgfxhal.o(i._ZN11TouchGFXHAL10beginFrameEv) referenced from touchgfxhal.o(.constdata__ZTV11TouchGFXHAL)
 <LI><a href="#[df]">TouchGFXHAL::initialize()</a> from touchgfxhal.o(i._ZN11TouchGFXHAL10initializeEv) referenced from touchgfxhal.o(.constdata__ZTV11TouchGFXHAL)
 <LI><a href="#[f3]">TouchGFXHAL::enableInterrupts()</a> from touchgfxhal.o(i._ZN11TouchGFXHAL16enableInterruptsEv) referenced from touchgfxhal.o(.constdata__ZTV11TouchGFXHAL)
 <LI><a href="#[e1]">TouchGFXHAL::flushFrameBuffer(const touchgfx::Rect&)</a> from touchgfxhal.o(i._ZN11TouchGFXHAL16flushFrameBufferERKN8touchgfx4RectE) referenced from touchgfxhal.o(.constdata__ZTV11TouchGFXHAL)
 <LI><a href="#[f4]">TouchGFXHAL::disableInterrupts()</a> from touchgfxhal.o(i._ZN11TouchGFXHAL17disableInterruptsEv) referenced from touchgfxhal.o(.constdata__ZTV11TouchGFXHAL)
 <LI><a href="#[fd]">TouchGFXHAL::setTFTFrameBuffer(unsigned short*)</a> from touchgfxhal.o(i._ZN11TouchGFXHAL17setTFTFrameBufferEPt) referenced from touchgfxhal.o(.constdata__ZTV11TouchGFXHAL)
 <LI><a href="#[f2]">TouchGFXHAL::configureInterrupts()</a> from touchgfxhal.o(i._ZN11TouchGFXHAL19configureInterruptsEv) referenced from touchgfxhal.o(.constdata__ZTV11TouchGFXHAL)
 <LI><a href="#[f5]">TouchGFXHAL::enableLCDControllerInterrupt()</a> from touchgfxhal.o(i._ZN11TouchGFXHAL28enableLCDControllerInterruptEv) referenced from touchgfxhal.o(.constdata__ZTV11TouchGFXHAL)
 <LI><a href="#[f6]">TouchGFXHAL::setFrameBufferStartAddresses(void*, void*, void*)</a> from touchgfxhal.o(i._ZN11TouchGFXHAL28setFrameBufferStartAddressesEPvS0_S0_) referenced from touchgfxhal.o(.constdata__ZTV11TouchGFXHAL)
 <LI><a href="#[fc]">TouchGFXHAL::endFrame()</a> from touchgfxhal.o(i._ZN11TouchGFXHAL8endFrameEv) referenced from touchgfxhal.o(.constdata__ZTV11TouchGFXHAL)
 <LI><a href="#[e0]">TouchGFXHAL::taskEntry()</a> from touchgfxhal.o(i._ZN11TouchGFXHAL9taskEntryEv) referenced from touchgfxhal.o(.constdata__ZTV11TouchGFXHAL)
 <LI><a href="#[c3]">TouchGFXHAL::~TouchGFXHAL()</a> from touchgfxhal.o(i._ZN11TouchGFXHALD1Ev) referenced from touchgfxhal.o(.constdata__ZTV11TouchGFXHAL)
 <LI><a href="#[c3]">TouchGFXHAL::~TouchGFXHAL()</a> from touchgfxhal.o(i._ZN11TouchGFXHALD1Ev) referenced from touchgfxconfiguration.o(i.__sti___25_TouchGFXConfiguration_cpp_f5abfd34)
 <LI><a href="#[c8]">FrontendHeap::~FrontendHeap()</a> from touchgfxconfiguration.o(i._ZN12FrontendHeapD1Ev) referenced from touchgfxconfiguration.o(.constdata__ZTV12FrontendHeap)
 <LI><a href="#[c8]">FrontendHeap::~FrontendHeap()</a> from touchgfxconfiguration.o(i._ZN12FrontendHeapD1Ev) referenced from touchgfxconfiguration.o(i.touchgfx_init)
 <LI><a href="#[119]">KeyboardBase::clrBtClick()</a> from keyboardbase.o(i._ZN12KeyboardBase10clrBtClickEv) referenced from keyboardbase.o(.constdata__ZTV12KeyboardBase)
 <LI><a href="#[118]">KeyboardBase::escBtClick()</a> from keyboardbase.o(i._ZN12KeyboardBase10escBtClickEv) referenced from keyboardbase.o(.constdata__ZTV12KeyboardBase)
 <LI><a href="#[144]">KeyboardBase::fh1BtClick()</a> from keyboardbase.o(i._ZN12KeyboardBase10fh1BtClickEv) referenced from keyboardbase.o(.constdata__ZTV12KeyboardBase)
 <LI><a href="#[145]">KeyboardBase::fh2BtClick()</a> from keyboardbase.o(i._ZN12KeyboardBase10fh2BtClickEv) referenced from keyboardbase.o(.constdata__ZTV12KeyboardBase)
 <LI><a href="#[146]">KeyboardBase::fh3BtClick()</a> from keyboardbase.o(i._ZN12KeyboardBase10fh3BtClickEv) referenced from keyboardbase.o(.constdata__ZTV12KeyboardBase)
 <LI><a href="#[147]">KeyboardBase::fh4BtClick()</a> from keyboardbase.o(i._ZN12KeyboardBase10fh4BtClickEv) referenced from keyboardbase.o(.constdata__ZTV12KeyboardBase)
 <LI><a href="#[148]">KeyboardBase::fh5BtClick()</a> from keyboardbase.o(i._ZN12KeyboardBase10fh5BtClickEv) referenced from keyboardbase.o(.constdata__ZTV12KeyboardBase)
 <LI><a href="#[149]">KeyboardBase::fh6BtClick()</a> from keyboardbase.o(i._ZN12KeyboardBase10fh6BtClickEv) referenced from keyboardbase.o(.constdata__ZTV12KeyboardBase)
 <LI><a href="#[14a]">KeyboardBase::fh7BtClick()</a> from keyboardbase.o(i._ZN12KeyboardBase10fh7BtClickEv) referenced from keyboardbase.o(.constdata__ZTV12KeyboardBase)
 <LI><a href="#[14b]">KeyboardBase::fh8BtClick()</a> from keyboardbase.o(i._ZN12KeyboardBase10fh8BtClickEv) referenced from keyboardbase.o(.constdata__ZTV12KeyboardBase)
 <LI><a href="#[14c]">KeyboardBase::fh9BtClick()</a> from keyboardbase.o(i._ZN12KeyboardBase10fh9BtClickEv) referenced from keyboardbase.o(.constdata__ZTV12KeyboardBase)
 <LI><a href="#[117]">KeyboardBase::initialize()</a> from keyboardbase.o(i._ZN12KeyboardBase10initializeEv) referenced from keyboardbase.o(.constdata__ZTV12KeyboardBase)
 <LI><a href="#[143]">KeyboardBase::nb0BtClick()</a> from keyboardbase.o(i._ZN12KeyboardBase10nb0BtClickEv) referenced from keyboardbase.o(.constdata__ZTV12KeyboardBase)
 <LI><a href="#[13a]">KeyboardBase::nb1BtClick()</a> from keyboardbase.o(i._ZN12KeyboardBase10nb1BtClickEv) referenced from keyboardbase.o(.constdata__ZTV12KeyboardBase)
 <LI><a href="#[13b]">KeyboardBase::nb2BtClick()</a> from keyboardbase.o(i._ZN12KeyboardBase10nb2BtClickEv) referenced from keyboardbase.o(.constdata__ZTV12KeyboardBase)
 <LI><a href="#[13c]">KeyboardBase::nb3BtClick()</a> from keyboardbase.o(i._ZN12KeyboardBase10nb3BtClickEv) referenced from keyboardbase.o(.constdata__ZTV12KeyboardBase)
 <LI><a href="#[13d]">KeyboardBase::nb4BtClick()</a> from keyboardbase.o(i._ZN12KeyboardBase10nb4BtClickEv) referenced from keyboardbase.o(.constdata__ZTV12KeyboardBase)
 <LI><a href="#[13e]">KeyboardBase::nb5BtClick()</a> from keyboardbase.o(i._ZN12KeyboardBase10nb5BtClickEv) referenced from keyboardbase.o(.constdata__ZTV12KeyboardBase)
 <LI><a href="#[13f]">KeyboardBase::nb6BtClick()</a> from keyboardbase.o(i._ZN12KeyboardBase10nb6BtClickEv) referenced from keyboardbase.o(.constdata__ZTV12KeyboardBase)
 <LI><a href="#[140]">KeyboardBase::nb7BtClick()</a> from keyboardbase.o(i._ZN12KeyboardBase10nb7BtClickEv) referenced from keyboardbase.o(.constdata__ZTV12KeyboardBase)
 <LI><a href="#[141]">KeyboardBase::nb8BtClick()</a> from keyboardbase.o(i._ZN12KeyboardBase10nb8BtClickEv) referenced from keyboardbase.o(.constdata__ZTV12KeyboardBase)
 <LI><a href="#[142]">KeyboardBase::nb9BtClick()</a> from keyboardbase.o(i._ZN12KeyboardBase10nb9BtClickEv) referenced from keyboardbase.o(.constdata__ZTV12KeyboardBase)
 <LI><a href="#[11b]">KeyboardBase::numBtClick()</a> from keyboardbase.o(i._ZN12KeyboardBase10numBtClickEv) referenced from keyboardbase.o(.constdata__ZTV12KeyboardBase)
 <LI><a href="#[14d]">KeyboardBase::fh10BtClick()</a> from keyboardbase.o(i._ZN12KeyboardBase11fh10BtClickEv) referenced from keyboardbase.o(.constdata__ZTV12KeyboardBase)
 <LI><a href="#[14e]">KeyboardBase::fh11BtClick()</a> from keyboardbase.o(i._ZN12KeyboardBase11fh11BtClickEv) referenced from keyboardbase.o(.constdata__ZTV12KeyboardBase)
 <LI><a href="#[14f]">KeyboardBase::fh12BtClick()</a> from keyboardbase.o(i._ZN12KeyboardBase11fh12BtClickEv) referenced from keyboardbase.o(.constdata__ZTV12KeyboardBase)
 <LI><a href="#[155]">KeyboardBase::cnBtABCClick()</a> from keyboardbase.o(i._ZN12KeyboardBase12cnBtABCClickEv) referenced from keyboardbase.o(.constdata__ZTV12KeyboardBase)
 <LI><a href="#[156]">KeyboardBase::cnBtDEFClick()</a> from keyboardbase.o(i._ZN12KeyboardBase12cnBtDEFClickEv) referenced from keyboardbase.o(.constdata__ZTV12KeyboardBase)
 <LI><a href="#[169]">KeyboardBase::cnBtDelClick()</a> from keyboardbase.o(i._ZN12KeyboardBase12cnBtDelClickEv) referenced from keyboardbase.o(.constdata__ZTV12KeyboardBase)
 <LI><a href="#[168]">KeyboardBase::cnBtEntClick()</a> from keyboardbase.o(i._ZN12KeyboardBase12cnBtEntClickEv) referenced from keyboardbase.o(.constdata__ZTV12KeyboardBase)
 <LI><a href="#[157]">KeyboardBase::cnBtGHIClick()</a> from keyboardbase.o(i._ZN12KeyboardBase12cnBtGHIClickEv) referenced from keyboardbase.o(.constdata__ZTV12KeyboardBase)
 <LI><a href="#[158]">KeyboardBase::cnBtJKLClick()</a> from keyboardbase.o(i._ZN12KeyboardBase12cnBtJKLClickEv) referenced from keyboardbase.o(.constdata__ZTV12KeyboardBase)
 <LI><a href="#[159]">KeyboardBase::cnBtMNOClick()</a> from keyboardbase.o(i._ZN12KeyboardBase12cnBtMNOClickEv) referenced from keyboardbase.o(.constdata__ZTV12KeyboardBase)
 <LI><a href="#[15b]">KeyboardBase::cnBtTUVClick()</a> from keyboardbase.o(i._ZN12KeyboardBase12cnBtTUVClickEv) referenced from keyboardbase.o(.constdata__ZTV12KeyboardBase)
 <LI><a href="#[11a]">KeyboardBase::cn_enBtClick()</a> from keyboardbase.o(i._ZN12KeyboardBase12cn_enBtClickEv) referenced from keyboardbase.o(.constdata__ZTV12KeyboardBase)
 <LI><a href="#[150]">KeyboardBase::fhDelBtClick()</a> from keyboardbase.o(i._ZN12KeyboardBase12fhDelBtClickEv) referenced from keyboardbase.o(.constdata__ZTV12KeyboardBase)
 <LI><a href="#[151]">KeyboardBase::fhEntBtClick()</a> from keyboardbase.o(i._ZN12KeyboardBase12fhEntBtClickEv) referenced from keyboardbase.o(.constdata__ZTV12KeyboardBase)
 <LI><a href="#[167]">KeyboardBase::cnBtBackClick()</a> from keyboardbase.o(i._ZN12KeyboardBase13cnBtBackClickEv) referenced from keyboardbase.o(.constdata__ZTV12KeyboardBase)
 <LI><a href="#[152]">KeyboardBase::cnBtLiftClick()</a> from keyboardbase.o(i._ZN12KeyboardBase13cnBtLiftClickEv) referenced from keyboardbase.o(.constdata__ZTV12KeyboardBase)
 <LI><a href="#[154]">KeyboardBase::cnBtNoneClick()</a> from keyboardbase.o(i._ZN12KeyboardBase13cnBtNoneClickEv) referenced from keyboardbase.o(.constdata__ZTV12KeyboardBase)
 <LI><a href="#[15a]">KeyboardBase::cnBtPQRSClick()</a> from keyboardbase.o(i._ZN12KeyboardBase13cnBtPQRSClickEv) referenced from keyboardbase.o(.constdata__ZTV12KeyboardBase)
 <LI><a href="#[15c]">KeyboardBase::cnBtWXYZClick()</a> from keyboardbase.o(i._ZN12KeyboardBase13cnBtWXYZClickEv) referenced from keyboardbase.o(.constdata__ZTV12KeyboardBase)
 <LI><a href="#[139]">KeyboardBase::en_delBtClick()</a> from keyboardbase.o(i._ZN12KeyboardBase13en_delBtClickEv) referenced from keyboardbase.o(.constdata__ZTV12KeyboardBase)
 <LI><a href="#[138]">KeyboardBase::en_entBtClick()</a> from keyboardbase.o(i._ZN12KeyboardBase13en_entBtClickEv) referenced from keyboardbase.o(.constdata__ZTV12KeyboardBase)
 <LI><a href="#[153]">KeyboardBase::cnBtRightClick()</a> from keyboardbase.o(i._ZN12KeyboardBase14cnBtRightClickEv) referenced from keyboardbase.o(.constdata__ZTV12KeyboardBase)
 <LI><a href="#[162]">KeyboardBase::cnSelectBt1Click()</a> from keyboardbase.o(i._ZN12KeyboardBase16cnSelectBt1ClickEv) referenced from keyboardbase.o(.constdata__ZTV12KeyboardBase)
 <LI><a href="#[163]">KeyboardBase::cnSelectBt2Click()</a> from keyboardbase.o(i._ZN12KeyboardBase16cnSelectBt2ClickEv) referenced from keyboardbase.o(.constdata__ZTV12KeyboardBase)
 <LI><a href="#[164]">KeyboardBase::cnSelectBt3Click()</a> from keyboardbase.o(i._ZN12KeyboardBase16cnSelectBt3ClickEv) referenced from keyboardbase.o(.constdata__ZTV12KeyboardBase)
 <LI><a href="#[165]">KeyboardBase::cnSelectBt4Click()</a> from keyboardbase.o(i._ZN12KeyboardBase16cnSelectBt4ClickEv) referenced from keyboardbase.o(.constdata__ZTV12KeyboardBase)
 <LI><a href="#[166]">KeyboardBase::cnSelectBt5Click()</a> from keyboardbase.o(i._ZN12KeyboardBase16cnSelectBt5ClickEv) referenced from keyboardbase.o(.constdata__ZTV12KeyboardBase)
 <LI><a href="#[15d]">KeyboardBase::pySelectBt1Click()</a> from keyboardbase.o(i._ZN12KeyboardBase16pySelectBt1ClickEv) referenced from keyboardbase.o(.constdata__ZTV12KeyboardBase)
 <LI><a href="#[15e]">KeyboardBase::pySelectBt2Click()</a> from keyboardbase.o(i._ZN12KeyboardBase16pySelectBt2ClickEv) referenced from keyboardbase.o(.constdata__ZTV12KeyboardBase)
 <LI><a href="#[15f]">KeyboardBase::pySelectBt3Click()</a> from keyboardbase.o(i._ZN12KeyboardBase16pySelectBt3ClickEv) referenced from keyboardbase.o(.constdata__ZTV12KeyboardBase)
 <LI><a href="#[160]">KeyboardBase::pySelectBt4Click()</a> from keyboardbase.o(i._ZN12KeyboardBase16pySelectBt4ClickEv) referenced from keyboardbase.o(.constdata__ZTV12KeyboardBase)
 <LI><a href="#[161]">KeyboardBase::pySelectBt5Click()</a> from keyboardbase.o(i._ZN12KeyboardBase16pySelectBt5ClickEv) referenced from keyboardbase.o(.constdata__ZTV12KeyboardBase)
 <LI><a href="#[d3]">KeyboardBase::buttonCallbackHandler(const touchgfx::AbstractButton&)</a> from keyboardbase.o(i._ZN12KeyboardBase21buttonCallbackHandlerERKN8touchgfx14AbstractButtonE) referenced from keyboardbase.o(.constdata)
 <LI><a href="#[124]">KeyboardBase::aBtClick()</a> from keyboardbase.o(i._ZN12KeyboardBase8aBtClickEv) referenced from keyboardbase.o(.constdata__ZTV12KeyboardBase)
 <LI><a href="#[130]">KeyboardBase::bBtClick()</a> from keyboardbase.o(i._ZN12KeyboardBase8bBtClickEv) referenced from keyboardbase.o(.constdata__ZTV12KeyboardBase)
 <LI><a href="#[12e]">KeyboardBase::cBtClick()</a> from keyboardbase.o(i._ZN12KeyboardBase8cBtClickEv) referenced from keyboardbase.o(.constdata__ZTV12KeyboardBase)
 <LI><a href="#[126]">KeyboardBase::dBtClick()</a> from keyboardbase.o(i._ZN12KeyboardBase8dBtClickEv) referenced from keyboardbase.o(.constdata__ZTV12KeyboardBase)
 <LI><a href="#[11e]">KeyboardBase::eBtClick()</a> from keyboardbase.o(i._ZN12KeyboardBase8eBtClickEv) referenced from keyboardbase.o(.constdata__ZTV12KeyboardBase)
 <LI><a href="#[127]">KeyboardBase::fBtClick()</a> from keyboardbase.o(i._ZN12KeyboardBase8fBtClickEv) referenced from keyboardbase.o(.constdata__ZTV12KeyboardBase)
 <LI><a href="#[128]">KeyboardBase::gBtClick()</a> from keyboardbase.o(i._ZN12KeyboardBase8gBtClickEv) referenced from keyboardbase.o(.constdata__ZTV12KeyboardBase)
 <LI><a href="#[129]">KeyboardBase::hBtClick()</a> from keyboardbase.o(i._ZN12KeyboardBase8hBtClickEv) referenced from keyboardbase.o(.constdata__ZTV12KeyboardBase)
 <LI><a href="#[123]">KeyboardBase::iBtClick()</a> from keyboardbase.o(i._ZN12KeyboardBase8iBtClickEv) referenced from keyboardbase.o(.constdata__ZTV12KeyboardBase)
 <LI><a href="#[12a]">KeyboardBase::jBtClick()</a> from keyboardbase.o(i._ZN12KeyboardBase8jBtClickEv) referenced from keyboardbase.o(.constdata__ZTV12KeyboardBase)
 <LI><a href="#[12b]">KeyboardBase::kBtClick()</a> from keyboardbase.o(i._ZN12KeyboardBase8kBtClickEv) referenced from keyboardbase.o(.constdata__ZTV12KeyboardBase)
 <LI><a href="#[136]">KeyboardBase::lBtClick()</a> from keyboardbase.o(i._ZN12KeyboardBase8lBtClickEv) referenced from keyboardbase.o(.constdata__ZTV12KeyboardBase)
 <LI><a href="#[132]">KeyboardBase::mBtClick()</a> from keyboardbase.o(i._ZN12KeyboardBase8mBtClickEv) referenced from keyboardbase.o(.constdata__ZTV12KeyboardBase)
 <LI><a href="#[131]">KeyboardBase::nBtClick()</a> from keyboardbase.o(i._ZN12KeyboardBase8nBtClickEv) referenced from keyboardbase.o(.constdata__ZTV12KeyboardBase)
 <LI><a href="#[133]">KeyboardBase::oBtClick()</a> from keyboardbase.o(i._ZN12KeyboardBase8oBtClickEv) referenced from keyboardbase.o(.constdata__ZTV12KeyboardBase)
 <LI><a href="#[135]">KeyboardBase::pBtClick()</a> from keyboardbase.o(i._ZN12KeyboardBase8pBtClickEv) referenced from keyboardbase.o(.constdata__ZTV12KeyboardBase)
 <LI><a href="#[11c]">KeyboardBase::qBtClick()</a> from keyboardbase.o(i._ZN12KeyboardBase8qBtClickEv) referenced from keyboardbase.o(.constdata__ZTV12KeyboardBase)
 <LI><a href="#[11f]">KeyboardBase::rBtClick()</a> from keyboardbase.o(i._ZN12KeyboardBase8rBtClickEv) referenced from keyboardbase.o(.constdata__ZTV12KeyboardBase)
 <LI><a href="#[125]">KeyboardBase::sBtClick()</a> from keyboardbase.o(i._ZN12KeyboardBase8sBtClickEv) referenced from keyboardbase.o(.constdata__ZTV12KeyboardBase)
 <LI><a href="#[120]">KeyboardBase::tBtClick()</a> from keyboardbase.o(i._ZN12KeyboardBase8tBtClickEv) referenced from keyboardbase.o(.constdata__ZTV12KeyboardBase)
 <LI><a href="#[122]">KeyboardBase::uBtClick()</a> from keyboardbase.o(i._ZN12KeyboardBase8uBtClickEv) referenced from keyboardbase.o(.constdata__ZTV12KeyboardBase)
 <LI><a href="#[12f]">KeyboardBase::vBtClick()</a> from keyboardbase.o(i._ZN12KeyboardBase8vBtClickEv) referenced from keyboardbase.o(.constdata__ZTV12KeyboardBase)
 <LI><a href="#[11d]">KeyboardBase::wBtClick()</a> from keyboardbase.o(i._ZN12KeyboardBase8wBtClickEv) referenced from keyboardbase.o(.constdata__ZTV12KeyboardBase)
 <LI><a href="#[12d]">KeyboardBase::xBtClick()</a> from keyboardbase.o(i._ZN12KeyboardBase8xBtClickEv) referenced from keyboardbase.o(.constdata__ZTV12KeyboardBase)
 <LI><a href="#[121]">KeyboardBase::yBtClick()</a> from keyboardbase.o(i._ZN12KeyboardBase8yBtClickEv) referenced from keyboardbase.o(.constdata__ZTV12KeyboardBase)
 <LI><a href="#[12c]">KeyboardBase::zBtClick()</a> from keyboardbase.o(i._ZN12KeyboardBase8zBtClickEv) referenced from keyboardbase.o(.constdata__ZTV12KeyboardBase)
 <LI><a href="#[137]">KeyboardBase::blBtClick()</a> from keyboardbase.o(i._ZN12KeyboardBase9blBtClickEv) referenced from keyboardbase.o(.constdata__ZTV12KeyboardBase)
 <LI><a href="#[134]">KeyboardBase::dxBtClick()</a> from keyboardbase.o(i._ZN12KeyboardBase9dxBtClickEv) referenced from keyboardbase.o(.constdata__ZTV12KeyboardBase)
 <LI><a href="#[103]">KeyboardBase::~KeyboardBase()</a> from keyboard.o(i._ZN12KeyboardBaseD1Ev) referenced from keyboardbase.o(.constdata__ZTV12KeyboardBase)
 <LI><a href="#[16b]">Screen1ViewBase::setupScreen()</a> from screen1viewbase.o(i._ZN15Screen1ViewBase11setupScreenEv) referenced from screen1viewbase.o(.constdata__ZTV15Screen1ViewBase)
 <LI><a href="#[16a]">Screen1ViewBase::~Screen1ViewBase()</a> from screen1viewbase.o(i._ZN15Screen1ViewBaseD1Ev) referenced from screen1viewbase.o(.constdata__ZTV15Screen1ViewBase)
 <LI><a href="#[16e]">Screen1Presenter::deactivate()</a> from screen1presenter.o(i._ZN16Screen1Presenter10deactivateEv) referenced from screen1presenter.o(.constdata__ZTV16Screen1Presenter)
 <LI><a href="#[16d]">Screen1Presenter::activate()</a> from screen1presenter.o(i._ZN16Screen1Presenter8activateEv) referenced from screen1presenter.o(.constdata__ZTV16Screen1Presenter)
 <LI><a href="#[16f]">Screen1Presenter::~Screen1Presenter()</a> from screen1presenter.o(i._ZN16Screen1PresenterD1Ev) referenced from screen1presenter.o(.constdata__ZTV16Screen1Presenter)
 <LI><a href="#[174]">FrontendApplication::handleTickEvent()</a> from frontendapplication.o(i._ZN19FrontendApplication15handleTickEventEv) referenced from frontendapplication.o(.constdata__ZTV19FrontendApplication)
 <LI><a href="#[179]">HardwareMJPEGDecoder::decodeNextFrame(unsigned char*, unsigned short, unsigned short, unsigned)</a> from hardwaremjpegdecoder.o(i._ZN20HardwareMJPEGDecoder15decodeNextFrameEPhttj) referenced from hardwaremjpegdecoder.o(.constdata__ZTV20HardwareMJPEGDecoder)
 <LI><a href="#[17c]">HardwareMJPEGDecoder::getNumberOfFrames()</a> from hardwaremjpegdecoder.o(i._ZN20HardwareMJPEGDecoder17getNumberOfFramesEv) referenced from hardwaremjpegdecoder.o(.constdata__ZTV20HardwareMJPEGDecoder)
 <LI><a href="#[17a]">HardwareMJPEGDecoder::gotoFrame(unsigned)</a> from hardwaremjpegdecoder.o(i._ZN20HardwareMJPEGDecoder9gotoFrameEj) referenced from hardwaremjpegdecoder.o(.constdata__ZTV20HardwareMJPEGDecoder)
 <LI><a href="#[bc]">HardwareMJPEGDecoder::~HardwareMJPEGDecoder()</a> from touchgfxgeneratedhal.o(i._ZN20HardwareMJPEGDecoderD1Ev) referenced from hardwaremjpegdecoder.o(.constdata__ZTV20HardwareMJPEGDecoder)
 <LI><a href="#[bc]">HardwareMJPEGDecoder::~HardwareMJPEGDecoder()</a> from touchgfxgeneratedhal.o(i._ZN20HardwareMJPEGDecoderD1Ev) referenced from touchgfxgeneratedhal.o(i.__sti___24_TouchGFXGeneratedHAL_cpp_db822bdb)
 <LI><a href="#[17e]">STM32TouchController::sampleTouch(int&, int&)</a> from stm32touchcontroller.o(i._ZN20STM32TouchController11sampleTouchERiS0_) referenced from stm32touchcontroller.o(.constdata__ZTV20STM32TouchController)
 <LI><a href="#[17d]">STM32TouchController::init()</a> from stm32touchcontroller.o(i._ZN20STM32TouchController4initEv) referenced from stm32touchcontroller.o(.constdata__ZTV20STM32TouchController)
 <LI><a href="#[bf]">STM32TouchController::~STM32TouchController()</a> from stm32touchcontroller.o(i._ZN20STM32TouchControllerD1Ev) referenced from stm32touchcontroller.o(.constdata__ZTV20STM32TouchController)
 <LI><a href="#[bf]">STM32TouchController::~STM32TouchController()</a> from stm32touchcontroller.o(i._ZN20STM32TouchControllerD1Ev) referenced from touchgfxconfiguration.o(i.__sti___25_TouchGFXConfiguration_cpp_f5abfd34)
 <LI><a href="#[102]">TouchGFXGeneratedHAL::FlushCache()</a> from touchgfxgeneratedhal.o(i._ZN20TouchGFXGeneratedHAL10FlushCacheEv) referenced from touchgfxhal.o(.constdata__ZTV11TouchGFXHAL)
 <LI><a href="#[101]">TouchGFXGeneratedHAL::InvalidateCache()</a> from touchgfxgeneratedhal.o(i._ZN20TouchGFXGeneratedHAL15InvalidateCacheEv) referenced from touchgfxhal.o(.constdata__ZTV11TouchGFXHAL)
 <LI><a href="#[e7]">TouchGFXGeneratedHAL::blockCopy(void*, const void*, unsigned)</a> from touchgfxgeneratedhal.o(i._ZN20TouchGFXGeneratedHAL9blockCopyEPvPKvj) referenced from touchgfxhal.o(.constdata__ZTV11TouchGFXHAL)
 <LI><a href="#[c2]">ApplicationFontProvider::~ApplicationFontProvider()</a> from touchgfxconfiguration.o(i._ZN23ApplicationFontProviderD1Ev) referenced from applicationfontprovider.o(.constdata__ZTV23ApplicationFontProvider)
 <LI><a href="#[c2]">ApplicationFontProvider::~ApplicationFontProvider()</a> from touchgfxconfiguration.o(i._ZN23ApplicationFontProviderD1Ev) referenced from touchgfxconfiguration.o(i.__sti___25_TouchGFXConfiguration_cpp_f5abfd34)
 <LI><a href="#[d2]">FrontendApplicationBase::gotoScreen1ScreenNoTransitionImpl()</a> from frontendapplicationbase.o(i._ZN23FrontendApplicationBase33gotoScreen1ScreenNoTransitionImplEv) referenced from frontendapplicationbase.o(.constdata)
 <LI><a href="#[180]">FrontendApplicationBase::~FrontendApplicationBase()</a> from touchgfxconfiguration.o(i._ZN23FrontendApplicationBaseD1Ev) referenced from touchgfxconfiguration.o(.constdata__ZTV23FrontendApplicationBase)
 <LI><a href="#[bd]">DedicatedBufferController&lang;(unsigned)1, (unsigned)480, (unsigned)288, (unsigned)960, (touchgfx::Bitmap::BitmapFormat)0&rang;::Stream::Stream()</a> from touchgfxgeneratedhal.o(t._ZN25DedicatedBufferControllerILj1ELj480ELj288ELj960ELN8touchgfx6Bitmap12BitmapFormatE0EE6StreamC1Ev) referenced from touchgfxgeneratedhal.o(i.__sti___24_TouchGFXGeneratedHAL_cpp_db822bdb)
 <LI><a href="#[be]">DedicatedBufferController&lang;(unsigned)1, (unsigned)480, (unsigned)288, (unsigned)960, (touchgfx::Bitmap::BitmapFormat)0&rang;::~DedicatedBufferController()</a> from touchgfxgeneratedhal.o(i._ZN25DedicatedBufferControllerILj1ELj480ELj288ELj960ELN8touchgfx6Bitmap12BitmapFormatE0EED1Ev) referenced from touchgfxgeneratedhal.o(.constdata__ZTV25DedicatedBufferControllerILj1ELj480ELj288ELj960ELN8touchgfx6Bitmap12BitmapFormatE0EE)
 <LI><a href="#[be]">DedicatedBufferController&lang;(unsigned)1, (unsigned)480, (unsigned)288, (unsigned)960, (touchgfx::Bitmap::BitmapFormat)0&rang;::~DedicatedBufferController()</a> from touchgfxgeneratedhal.o(i._ZN25DedicatedBufferControllerILj1ELj480ELj288ELj960ELN8touchgfx6Bitmap12BitmapFormatE0EED1Ev) referenced from touchgfxgeneratedhal.o(i.__sti___24_TouchGFXGeneratedHAL_cpp_db822bdb)
 <LI><a href="#[183]">Keyboard::clrBtClick()</a> from keyboard.o(i._ZN8Keyboard10clrBtClickEv) referenced from keyboard.o(.constdata__ZTV8Keyboard)
 <LI><a href="#[182]">Keyboard::escBtClick()</a> from keyboard.o(i._ZN8Keyboard10escBtClickEv) referenced from keyboard.o(.constdata__ZTV8Keyboard)
 <LI><a href="#[1ae]">Keyboard::fh1BtClick()</a> from keyboard.o(i._ZN8Keyboard10fh1BtClickEv) referenced from keyboard.o(.constdata__ZTV8Keyboard)
 <LI><a href="#[1af]">Keyboard::fh2BtClick()</a> from keyboard.o(i._ZN8Keyboard10fh2BtClickEv) referenced from keyboard.o(.constdata__ZTV8Keyboard)
 <LI><a href="#[1b0]">Keyboard::fh3BtClick()</a> from keyboard.o(i._ZN8Keyboard10fh3BtClickEv) referenced from keyboard.o(.constdata__ZTV8Keyboard)
 <LI><a href="#[1b1]">Keyboard::fh4BtClick()</a> from keyboard.o(i._ZN8Keyboard10fh4BtClickEv) referenced from keyboard.o(.constdata__ZTV8Keyboard)
 <LI><a href="#[1b2]">Keyboard::fh5BtClick()</a> from keyboard.o(i._ZN8Keyboard10fh5BtClickEv) referenced from keyboard.o(.constdata__ZTV8Keyboard)
 <LI><a href="#[1b3]">Keyboard::fh6BtClick()</a> from keyboard.o(i._ZN8Keyboard10fh6BtClickEv) referenced from keyboard.o(.constdata__ZTV8Keyboard)
 <LI><a href="#[1b4]">Keyboard::fh7BtClick()</a> from keyboard.o(i._ZN8Keyboard10fh7BtClickEv) referenced from keyboard.o(.constdata__ZTV8Keyboard)
 <LI><a href="#[1b5]">Keyboard::fh8BtClick()</a> from keyboard.o(i._ZN8Keyboard10fh8BtClickEv) referenced from keyboard.o(.constdata__ZTV8Keyboard)
 <LI><a href="#[1b6]">Keyboard::fh9BtClick()</a> from keyboard.o(i._ZN8Keyboard10fh9BtClickEv) referenced from keyboard.o(.constdata__ZTV8Keyboard)
 <LI><a href="#[181]">Keyboard::initialize()</a> from keyboard.o(i._ZN8Keyboard10initializeEv) referenced from keyboard.o(.constdata__ZTV8Keyboard)
 <LI><a href="#[1ad]">Keyboard::nb0BtClick()</a> from keyboard.o(i._ZN8Keyboard10nb0BtClickEv) referenced from keyboard.o(.constdata__ZTV8Keyboard)
 <LI><a href="#[1a4]">Keyboard::nb1BtClick()</a> from keyboard.o(i._ZN8Keyboard10nb1BtClickEv) referenced from keyboard.o(.constdata__ZTV8Keyboard)
 <LI><a href="#[1a5]">Keyboard::nb2BtClick()</a> from keyboard.o(i._ZN8Keyboard10nb2BtClickEv) referenced from keyboard.o(.constdata__ZTV8Keyboard)
 <LI><a href="#[1a6]">Keyboard::nb3BtClick()</a> from keyboard.o(i._ZN8Keyboard10nb3BtClickEv) referenced from keyboard.o(.constdata__ZTV8Keyboard)
 <LI><a href="#[1a7]">Keyboard::nb4BtClick()</a> from keyboard.o(i._ZN8Keyboard10nb4BtClickEv) referenced from keyboard.o(.constdata__ZTV8Keyboard)
 <LI><a href="#[1a8]">Keyboard::nb5BtClick()</a> from keyboard.o(i._ZN8Keyboard10nb5BtClickEv) referenced from keyboard.o(.constdata__ZTV8Keyboard)
 <LI><a href="#[1a9]">Keyboard::nb6BtClick()</a> from keyboard.o(i._ZN8Keyboard10nb6BtClickEv) referenced from keyboard.o(.constdata__ZTV8Keyboard)
 <LI><a href="#[1aa]">Keyboard::nb7BtClick()</a> from keyboard.o(i._ZN8Keyboard10nb7BtClickEv) referenced from keyboard.o(.constdata__ZTV8Keyboard)
 <LI><a href="#[1ab]">Keyboard::nb8BtClick()</a> from keyboard.o(i._ZN8Keyboard10nb8BtClickEv) referenced from keyboard.o(.constdata__ZTV8Keyboard)
 <LI><a href="#[1ac]">Keyboard::nb9BtClick()</a> from keyboard.o(i._ZN8Keyboard10nb9BtClickEv) referenced from keyboard.o(.constdata__ZTV8Keyboard)
 <LI><a href="#[185]">Keyboard::numBtClick()</a> from keyboard.o(i._ZN8Keyboard10numBtClickEv) referenced from keyboard.o(.constdata__ZTV8Keyboard)
 <LI><a href="#[1b7]">Keyboard::fh10BtClick()</a> from keyboard.o(i._ZN8Keyboard11fh10BtClickEv) referenced from keyboard.o(.constdata__ZTV8Keyboard)
 <LI><a href="#[1b8]">Keyboard::fh11BtClick()</a> from keyboard.o(i._ZN8Keyboard11fh11BtClickEv) referenced from keyboard.o(.constdata__ZTV8Keyboard)
 <LI><a href="#[1b9]">Keyboard::fh12BtClick()</a> from keyboard.o(i._ZN8Keyboard11fh12BtClickEv) referenced from keyboard.o(.constdata__ZTV8Keyboard)
 <LI><a href="#[1bf]">Keyboard::cnBtABCClick()</a> from keyboard.o(i._ZN8Keyboard12cnBtABCClickEv) referenced from keyboard.o(.constdata__ZTV8Keyboard)
 <LI><a href="#[1c0]">Keyboard::cnBtDEFClick()</a> from keyboard.o(i._ZN8Keyboard12cnBtDEFClickEv) referenced from keyboard.o(.constdata__ZTV8Keyboard)
 <LI><a href="#[1d3]">Keyboard::cnBtDelClick()</a> from keyboard.o(i._ZN8Keyboard12cnBtDelClickEv) referenced from keyboard.o(.constdata__ZTV8Keyboard)
 <LI><a href="#[1d2]">Keyboard::cnBtEntClick()</a> from keyboard.o(i._ZN8Keyboard12cnBtEntClickEv) referenced from keyboard.o(.constdata__ZTV8Keyboard)
 <LI><a href="#[1c1]">Keyboard::cnBtGHIClick()</a> from keyboard.o(i._ZN8Keyboard12cnBtGHIClickEv) referenced from keyboard.o(.constdata__ZTV8Keyboard)
 <LI><a href="#[1c2]">Keyboard::cnBtJKLClick()</a> from keyboard.o(i._ZN8Keyboard12cnBtJKLClickEv) referenced from keyboard.o(.constdata__ZTV8Keyboard)
 <LI><a href="#[1c3]">Keyboard::cnBtMNOClick()</a> from keyboard.o(i._ZN8Keyboard12cnBtMNOClickEv) referenced from keyboard.o(.constdata__ZTV8Keyboard)
 <LI><a href="#[1c5]">Keyboard::cnBtTUVClick()</a> from keyboard.o(i._ZN8Keyboard12cnBtTUVClickEv) referenced from keyboard.o(.constdata__ZTV8Keyboard)
 <LI><a href="#[184]">Keyboard::cn_enBtClick()</a> from keyboard.o(i._ZN8Keyboard12cn_enBtClickEv) referenced from keyboard.o(.constdata__ZTV8Keyboard)
 <LI><a href="#[1ba]">Keyboard::fhDelBtClick()</a> from keyboard.o(i._ZN8Keyboard12fhDelBtClickEv) referenced from keyboard.o(.constdata__ZTV8Keyboard)
 <LI><a href="#[1bb]">Keyboard::fhEntBtClick()</a> from keyboard.o(i._ZN8Keyboard12fhEntBtClickEv) referenced from keyboard.o(.constdata__ZTV8Keyboard)
 <LI><a href="#[1d1]">Keyboard::cnBtBackClick()</a> from keyboard.o(i._ZN8Keyboard13cnBtBackClickEv) referenced from keyboard.o(.constdata__ZTV8Keyboard)
 <LI><a href="#[1bc]">Keyboard::cnBtLiftClick()</a> from keyboard.o(i._ZN8Keyboard13cnBtLiftClickEv) referenced from keyboard.o(.constdata__ZTV8Keyboard)
 <LI><a href="#[1be]">Keyboard::cnBtNoneClick()</a> from keyboard.o(i._ZN8Keyboard13cnBtNoneClickEv) referenced from keyboard.o(.constdata__ZTV8Keyboard)
 <LI><a href="#[1c4]">Keyboard::cnBtPQRSClick()</a> from keyboard.o(i._ZN8Keyboard13cnBtPQRSClickEv) referenced from keyboard.o(.constdata__ZTV8Keyboard)
 <LI><a href="#[1c6]">Keyboard::cnBtWXYZClick()</a> from keyboard.o(i._ZN8Keyboard13cnBtWXYZClickEv) referenced from keyboard.o(.constdata__ZTV8Keyboard)
 <LI><a href="#[1a3]">Keyboard::en_delBtClick()</a> from keyboard.o(i._ZN8Keyboard13en_delBtClickEv) referenced from keyboard.o(.constdata__ZTV8Keyboard)
 <LI><a href="#[1a2]">Keyboard::en_entBtClick()</a> from keyboard.o(i._ZN8Keyboard13en_entBtClickEv) referenced from keyboard.o(.constdata__ZTV8Keyboard)
 <LI><a href="#[1bd]">Keyboard::cnBtRightClick()</a> from keyboard.o(i._ZN8Keyboard14cnBtRightClickEv) referenced from keyboard.o(.constdata__ZTV8Keyboard)
 <LI><a href="#[1cc]">Keyboard::cnSelectBt1Click()</a> from keyboard.o(i._ZN8Keyboard16cnSelectBt1ClickEv) referenced from keyboard.o(.constdata__ZTV8Keyboard)
 <LI><a href="#[1cd]">Keyboard::cnSelectBt2Click()</a> from keyboard.o(i._ZN8Keyboard16cnSelectBt2ClickEv) referenced from keyboard.o(.constdata__ZTV8Keyboard)
 <LI><a href="#[1ce]">Keyboard::cnSelectBt3Click()</a> from keyboard.o(i._ZN8Keyboard16cnSelectBt3ClickEv) referenced from keyboard.o(.constdata__ZTV8Keyboard)
 <LI><a href="#[1cf]">Keyboard::cnSelectBt4Click()</a> from keyboard.o(i._ZN8Keyboard16cnSelectBt4ClickEv) referenced from keyboard.o(.constdata__ZTV8Keyboard)
 <LI><a href="#[1d0]">Keyboard::cnSelectBt5Click()</a> from keyboard.o(i._ZN8Keyboard16cnSelectBt5ClickEv) referenced from keyboard.o(.constdata__ZTV8Keyboard)
 <LI><a href="#[1c7]">Keyboard::pySelectBt1Click()</a> from keyboard.o(i._ZN8Keyboard16pySelectBt1ClickEv) referenced from keyboard.o(.constdata__ZTV8Keyboard)
 <LI><a href="#[1c8]">Keyboard::pySelectBt2Click()</a> from keyboard.o(i._ZN8Keyboard16pySelectBt2ClickEv) referenced from keyboard.o(.constdata__ZTV8Keyboard)
 <LI><a href="#[1c9]">Keyboard::pySelectBt3Click()</a> from keyboard.o(i._ZN8Keyboard16pySelectBt3ClickEv) referenced from keyboard.o(.constdata__ZTV8Keyboard)
 <LI><a href="#[1ca]">Keyboard::pySelectBt4Click()</a> from keyboard.o(i._ZN8Keyboard16pySelectBt4ClickEv) referenced from keyboard.o(.constdata__ZTV8Keyboard)
 <LI><a href="#[1cb]">Keyboard::pySelectBt5Click()</a> from keyboard.o(i._ZN8Keyboard16pySelectBt5ClickEv) referenced from keyboard.o(.constdata__ZTV8Keyboard)
 <LI><a href="#[18e]">Keyboard::aBtClick()</a> from keyboard.o(i._ZN8Keyboard8aBtClickEv) referenced from keyboard.o(.constdata__ZTV8Keyboard)
 <LI><a href="#[19a]">Keyboard::bBtClick()</a> from keyboard.o(i._ZN8Keyboard8bBtClickEv) referenced from keyboard.o(.constdata__ZTV8Keyboard)
 <LI><a href="#[198]">Keyboard::cBtClick()</a> from keyboard.o(i._ZN8Keyboard8cBtClickEv) referenced from keyboard.o(.constdata__ZTV8Keyboard)
 <LI><a href="#[190]">Keyboard::dBtClick()</a> from keyboard.o(i._ZN8Keyboard8dBtClickEv) referenced from keyboard.o(.constdata__ZTV8Keyboard)
 <LI><a href="#[188]">Keyboard::eBtClick()</a> from keyboard.o(i._ZN8Keyboard8eBtClickEv) referenced from keyboard.o(.constdata__ZTV8Keyboard)
 <LI><a href="#[191]">Keyboard::fBtClick()</a> from keyboard.o(i._ZN8Keyboard8fBtClickEv) referenced from keyboard.o(.constdata__ZTV8Keyboard)
 <LI><a href="#[192]">Keyboard::gBtClick()</a> from keyboard.o(i._ZN8Keyboard8gBtClickEv) referenced from keyboard.o(.constdata__ZTV8Keyboard)
 <LI><a href="#[193]">Keyboard::hBtClick()</a> from keyboard.o(i._ZN8Keyboard8hBtClickEv) referenced from keyboard.o(.constdata__ZTV8Keyboard)
 <LI><a href="#[18d]">Keyboard::iBtClick()</a> from keyboard.o(i._ZN8Keyboard8iBtClickEv) referenced from keyboard.o(.constdata__ZTV8Keyboard)
 <LI><a href="#[194]">Keyboard::jBtClick()</a> from keyboard.o(i._ZN8Keyboard8jBtClickEv) referenced from keyboard.o(.constdata__ZTV8Keyboard)
 <LI><a href="#[195]">Keyboard::kBtClick()</a> from keyboard.o(i._ZN8Keyboard8kBtClickEv) referenced from keyboard.o(.constdata__ZTV8Keyboard)
 <LI><a href="#[1a0]">Keyboard::lBtClick()</a> from keyboard.o(i._ZN8Keyboard8lBtClickEv) referenced from keyboard.o(.constdata__ZTV8Keyboard)
 <LI><a href="#[19c]">Keyboard::mBtClick()</a> from keyboard.o(i._ZN8Keyboard8mBtClickEv) referenced from keyboard.o(.constdata__ZTV8Keyboard)
 <LI><a href="#[19b]">Keyboard::nBtClick()</a> from keyboard.o(i._ZN8Keyboard8nBtClickEv) referenced from keyboard.o(.constdata__ZTV8Keyboard)
 <LI><a href="#[19d]">Keyboard::oBtClick()</a> from keyboard.o(i._ZN8Keyboard8oBtClickEv) referenced from keyboard.o(.constdata__ZTV8Keyboard)
 <LI><a href="#[19f]">Keyboard::pBtClick()</a> from keyboard.o(i._ZN8Keyboard8pBtClickEv) referenced from keyboard.o(.constdata__ZTV8Keyboard)
 <LI><a href="#[186]">Keyboard::qBtClick()</a> from keyboard.o(i._ZN8Keyboard8qBtClickEv) referenced from keyboard.o(.constdata__ZTV8Keyboard)
 <LI><a href="#[189]">Keyboard::rBtClick()</a> from keyboard.o(i._ZN8Keyboard8rBtClickEv) referenced from keyboard.o(.constdata__ZTV8Keyboard)
 <LI><a href="#[18f]">Keyboard::sBtClick()</a> from keyboard.o(i._ZN8Keyboard8sBtClickEv) referenced from keyboard.o(.constdata__ZTV8Keyboard)
 <LI><a href="#[18a]">Keyboard::tBtClick()</a> from keyboard.o(i._ZN8Keyboard8tBtClickEv) referenced from keyboard.o(.constdata__ZTV8Keyboard)
 <LI><a href="#[18c]">Keyboard::uBtClick()</a> from keyboard.o(i._ZN8Keyboard8uBtClickEv) referenced from keyboard.o(.constdata__ZTV8Keyboard)
 <LI><a href="#[199]">Keyboard::vBtClick()</a> from keyboard.o(i._ZN8Keyboard8vBtClickEv) referenced from keyboard.o(.constdata__ZTV8Keyboard)
 <LI><a href="#[187]">Keyboard::wBtClick()</a> from keyboard.o(i._ZN8Keyboard8wBtClickEv) referenced from keyboard.o(.constdata__ZTV8Keyboard)
 <LI><a href="#[197]">Keyboard::xBtClick()</a> from keyboard.o(i._ZN8Keyboard8xBtClickEv) referenced from keyboard.o(.constdata__ZTV8Keyboard)
 <LI><a href="#[18b]">Keyboard::yBtClick()</a> from keyboard.o(i._ZN8Keyboard8yBtClickEv) referenced from keyboard.o(.constdata__ZTV8Keyboard)
 <LI><a href="#[196]">Keyboard::zBtClick()</a> from keyboard.o(i._ZN8Keyboard8zBtClickEv) referenced from keyboard.o(.constdata__ZTV8Keyboard)
 <LI><a href="#[1a1]">Keyboard::blBtClick()</a> from keyboard.o(i._ZN8Keyboard9blBtClickEv) referenced from keyboard.o(.constdata__ZTV8Keyboard)
 <LI><a href="#[19e]">Keyboard::dxBtClick()</a> from keyboard.o(i._ZN8Keyboard9dxBtClickEv) referenced from keyboard.o(.constdata__ZTV8Keyboard)
 <LI><a href="#[1d7]">STM32DMA::initialize()</a> from stm32dma.o(i._ZN8STM32DMA10initializeEv) referenced from stm32dma.o(.constdata__ZTV8STM32DMA)
 <LI><a href="#[1d4]">STM32DMA::getBlitCaps()</a> from stm32dma.o(i._ZN8STM32DMA11getBlitCapsEv) referenced from stm32dma.o(.constdata__ZTV8STM32DMA)
 <LI><a href="#[1dd]">STM32DMA::setupDataCopy(const touchgfx::BlitOp&)</a> from stm32dma.o(i._ZN8STM32DMA13setupDataCopyERKN8touchgfx6BlitOpE) referenced from stm32dma.o(.constdata__ZTV8STM32DMA)
 <LI><a href="#[1de]">STM32DMA::setupDataFill(const touchgfx::BlitOp&)</a> from stm32dma.o(i._ZN8STM32DMA13setupDataFillERKN8touchgfx6BlitOpE) referenced from stm32dma.o(.constdata__ZTV8STM32DMA)
 <LI><a href="#[1d9]">STM32DMA::signalDMAInterrupt()</a> from stm32dma.o(i._ZN8STM32DMA18signalDMAInterruptEv) referenced from stm32dma.o(.constdata__ZTV8STM32DMA)
 <LI><a href="#[c0]">STM32DMA::~STM32DMA()</a> from stm32dma.o(i._ZN8STM32DMAD1Ev) referenced from stm32dma.o(.constdata__ZTV8STM32DMA)
 <LI><a href="#[c0]">STM32DMA::~STM32DMA()</a> from stm32dma.o(i._ZN8STM32DMAD1Ev) referenced from touchgfxconfiguration.o(i.__sti___25_TouchGFXConfiguration_cpp_f5abfd34)
 <LI><a href="#[1e2]">touchgfx::KeySampler::init()</a> from keysampler.o(i._ZN8touchgfx10KeySampler4initEv) referenced from keysampler.o(.constdata__ZTVN8touchgfx10KeySamplerE)
 <LI><a href="#[1e3]">touchgfx::KeySampler::sample(unsigned char&)</a> from keysampler.o(i._ZN8touchgfx10KeySampler6sampleERh) referenced from keysampler.o(.constdata__ZTVN8touchgfx10KeySamplerE)
 <LI><a href="#[bb]">touchgfx::KeySampler::~KeySampler()</a> from keysampler.o(i._ZN8touchgfx10KeySamplerD1Ev) referenced from keysampler.o(.constdata__ZTVN8touchgfx10KeySamplerE)
 <LI><a href="#[bb]">touchgfx::KeySampler::~KeySampler()</a> from keysampler.o(i._ZN8touchgfx10KeySamplerD1Ev) referenced from touchgfxhal.o(i.__sti___15_TouchGFXHAL_cpp_c3b64dc6)
 <LI><a href="#[1e9]">touchgfx::Transition::invalidate()</a> from frontendapplicationbase.o(i._ZN8touchgfx10Transition10invalidateEv) referenced from frontendapplicationbase.o(.constdata__ZTVN8touchgfx12NoTransitionE)
 <LI><a href="#[1ea]">touchgfx::Transition::setScreenContainer(touchgfx::Container&)</a> from frontendapplicationbase.o(i._ZN8touchgfx10Transition18setScreenContainerERNS_9ContainerE) referenced from frontendapplicationbase.o(.constdata__ZTVN8touchgfx12NoTransitionE)
 <LI><a href="#[1e8]">touchgfx::Transition::init()</a> from frontendapplicationbase.o(i._ZN8touchgfx10Transition4initEv) referenced from frontendapplicationbase.o(.constdata__ZTVN8touchgfx12NoTransitionE)
 <LI><a href="#[1e7]">touchgfx::Transition::tearDown()</a> from frontendapplicationbase.o(i._ZN8touchgfx10Transition8tearDownEv) referenced from frontendapplicationbase.o(.constdata__ZTVN8touchgfx12NoTransitionE)
 <LI><a href="#[173]">touchgfx::Application::handleKeyEvent(unsigned char)</a> from application.o(i._ZN8touchgfx11Application14handleKeyEventEh) referenced from frontendapplication.o(.constdata__ZTV19FrontendApplication)
 <LI><a href="#[173]">touchgfx::Application::handleKeyEvent(unsigned char)</a> from application.o(i._ZN8touchgfx11Application14handleKeyEventEh) referenced from touchgfxconfiguration.o(.constdata__ZTV23FrontendApplicationBase)
 <LI><a href="#[173]">touchgfx::Application::handleKeyEvent(unsigned char)</a> from application.o(i._ZN8touchgfx11Application14handleKeyEventEh) referenced from application.o(.constdata__ZTVN8touchgfx11ApplicationE)
 <LI><a href="#[173]">touchgfx::Application::handleKeyEvent(unsigned char)</a> from application.o(i._ZN8touchgfx11Application14handleKeyEventEh) referenced from frontendapplicationbase.o(.constdata__ZTVN8touchgfx14MVPApplicationE)
 <LI><a href="#[171]">touchgfx::Application::handleDragEvent(const touchgfx::DragEvent&)</a> from application.o(i._ZN8touchgfx11Application15handleDragEventERKNS_9DragEventE) referenced from frontendapplication.o(.constdata__ZTV19FrontendApplication)
 <LI><a href="#[171]">touchgfx::Application::handleDragEvent(const touchgfx::DragEvent&)</a> from application.o(i._ZN8touchgfx11Application15handleDragEventERKNS_9DragEventE) referenced from touchgfxconfiguration.o(.constdata__ZTV23FrontendApplicationBase)
 <LI><a href="#[171]">touchgfx::Application::handleDragEvent(const touchgfx::DragEvent&)</a> from application.o(i._ZN8touchgfx11Application15handleDragEventERKNS_9DragEventE) referenced from application.o(.constdata__ZTVN8touchgfx11ApplicationE)
 <LI><a href="#[171]">touchgfx::Application::handleDragEvent(const touchgfx::DragEvent&)</a> from application.o(i._ZN8touchgfx11Application15handleDragEventERKNS_9DragEventE) referenced from frontendapplicationbase.o(.constdata__ZTVN8touchgfx14MVPApplicationE)
 <LI><a href="#[17f]">touchgfx::Application::handleTickEvent()</a> from application.o(i._ZN8touchgfx11Application15handleTickEventEv) referenced from touchgfxconfiguration.o(.constdata__ZTV23FrontendApplicationBase)
 <LI><a href="#[17f]">touchgfx::Application::handleTickEvent()</a> from application.o(i._ZN8touchgfx11Application15handleTickEventEv) referenced from application.o(.constdata__ZTVN8touchgfx11ApplicationE)
 <LI><a href="#[17f]">touchgfx::Application::handleTickEvent()</a> from application.o(i._ZN8touchgfx11Application15handleTickEventEv) referenced from frontendapplicationbase.o(.constdata__ZTVN8touchgfx14MVPApplicationE)
 <LI><a href="#[170]">touchgfx::Application::handleClickEvent(const touchgfx::ClickEvent&)</a> from application.o(i._ZN8touchgfx11Application16handleClickEventERKNS_10ClickEventE) referenced from frontendapplication.o(.constdata__ZTV19FrontendApplication)
 <LI><a href="#[170]">touchgfx::Application::handleClickEvent(const touchgfx::ClickEvent&)</a> from application.o(i._ZN8touchgfx11Application16handleClickEventERKNS_10ClickEventE) referenced from touchgfxconfiguration.o(.constdata__ZTV23FrontendApplicationBase)
 <LI><a href="#[170]">touchgfx::Application::handleClickEvent(const touchgfx::ClickEvent&)</a> from application.o(i._ZN8touchgfx11Application16handleClickEventERKNS_10ClickEventE) referenced from application.o(.constdata__ZTVN8touchgfx11ApplicationE)
 <LI><a href="#[170]">touchgfx::Application::handleClickEvent(const touchgfx::ClickEvent&)</a> from application.o(i._ZN8touchgfx11Application16handleClickEventERKNS_10ClickEventE) referenced from frontendapplicationbase.o(.constdata__ZTVN8touchgfx14MVPApplicationE)
 <LI><a href="#[172]">touchgfx::Application::handleGestureEvent(const touchgfx::GestureEvent&)</a> from application.o(i._ZN8touchgfx11Application18handleGestureEventERKNS_12GestureEventE) referenced from frontendapplication.o(.constdata__ZTV19FrontendApplication)
 <LI><a href="#[172]">touchgfx::Application::handleGestureEvent(const touchgfx::GestureEvent&)</a> from application.o(i._ZN8touchgfx11Application18handleGestureEventERKNS_12GestureEventE) referenced from touchgfxconfiguration.o(.constdata__ZTV23FrontendApplicationBase)
 <LI><a href="#[172]">touchgfx::Application::handleGestureEvent(const touchgfx::GestureEvent&)</a> from application.o(i._ZN8touchgfx11Application18handleGestureEventERKNS_12GestureEventE) referenced from application.o(.constdata__ZTVN8touchgfx11ApplicationE)
 <LI><a href="#[172]">touchgfx::Application::handleGestureEvent(const touchgfx::GestureEvent&)</a> from application.o(i._ZN8touchgfx11Application18handleGestureEventERKNS_12GestureEventE) referenced from frontendapplicationbase.o(.constdata__ZTVN8touchgfx14MVPApplicationE)
 <LI><a href="#[178]">touchgfx::Application::cacheDrawOperations(bool)</a> from application.o(i._ZN8touchgfx11Application19cacheDrawOperationsEb) referenced from frontendapplication.o(.constdata__ZTV19FrontendApplication)
 <LI><a href="#[178]">touchgfx::Application::cacheDrawOperations(bool)</a> from application.o(i._ZN8touchgfx11Application19cacheDrawOperationsEb) referenced from touchgfxconfiguration.o(.constdata__ZTV23FrontendApplicationBase)
 <LI><a href="#[178]">touchgfx::Application::cacheDrawOperations(bool)</a> from application.o(i._ZN8touchgfx11Application19cacheDrawOperationsEb) referenced from application.o(.constdata__ZTVN8touchgfx11ApplicationE)
 <LI><a href="#[178]">touchgfx::Application::cacheDrawOperations(bool)</a> from application.o(i._ZN8touchgfx11Application19cacheDrawOperationsEb) referenced from frontendapplicationbase.o(.constdata__ZTVN8touchgfx14MVPApplicationE)
 <LI><a href="#[1e4]">touchgfx::Application::handlePendingScreenTransition()</a> from application.o(i._ZN8touchgfx11Application29handlePendingScreenTransitionEv) referenced from application.o(.constdata__ZTVN8touchgfx11ApplicationE)
 <LI><a href="#[177]">touchgfx::Application::draw(touchgfx::Rect&)</a> from application.o(i._ZN8touchgfx11Application4drawERNS_4RectE) referenced from frontendapplication.o(.constdata__ZTV19FrontendApplication)
 <LI><a href="#[177]">touchgfx::Application::draw(touchgfx::Rect&)</a> from application.o(i._ZN8touchgfx11Application4drawERNS_4RectE) referenced from touchgfxconfiguration.o(.constdata__ZTV23FrontendApplicationBase)
 <LI><a href="#[177]">touchgfx::Application::draw(touchgfx::Rect&)</a> from application.o(i._ZN8touchgfx11Application4drawERNS_4RectE) referenced from application.o(.constdata__ZTVN8touchgfx11ApplicationE)
 <LI><a href="#[177]">touchgfx::Application::draw(touchgfx::Rect&)</a> from application.o(i._ZN8touchgfx11Application4drawERNS_4RectE) referenced from frontendapplicationbase.o(.constdata__ZTVN8touchgfx14MVPApplicationE)
 <LI><a href="#[176]">touchgfx::Application::draw()</a> from application.o(i._ZN8touchgfx11Application4drawEv) referenced from frontendapplication.o(.constdata__ZTV19FrontendApplication)
 <LI><a href="#[176]">touchgfx::Application::draw()</a> from application.o(i._ZN8touchgfx11Application4drawEv) referenced from touchgfxconfiguration.o(.constdata__ZTV23FrontendApplicationBase)
 <LI><a href="#[176]">touchgfx::Application::draw()</a> from application.o(i._ZN8touchgfx11Application4drawEv) referenced from application.o(.constdata__ZTVN8touchgfx11ApplicationE)
 <LI><a href="#[176]">touchgfx::Application::draw()</a> from application.o(i._ZN8touchgfx11Application4drawEv) referenced from frontendapplicationbase.o(.constdata__ZTVN8touchgfx14MVPApplicationE)
 <LI><a href="#[1e6]">touchgfx::NoTransition::handleTickEvent()</a> from frontendapplicationbase.o(i._ZN8touchgfx12NoTransition15handleTickEventEv) referenced from frontendapplicationbase.o(.constdata__ZTVN8touchgfx12NoTransitionE)
 <LI><a href="#[1e5]">touchgfx::NoTransition::~NoTransition()</a> from frontendapplicationbase.o(i._ZN8touchgfx12NoTransitionD1Ev) referenced from frontendapplicationbase.o(.constdata__ZTVN8touchgfx12NoTransitionE)
 <LI><a href="#[1ee]">touchgfx::ClickListener&lang;touchgfx::TextAreaWithOneWildcard&rang;::handleClickEvent(const touchgfx::ClickEvent&)</a> from screen1viewbase.o(t._ZN8touchgfx13ClickListenerINS_23TextAreaWithOneWildcardEE16handleClickEventERKNS_10ClickEventE) referenced from screen1viewbase.o(.constdata__ZTVN8touchgfx13ClickListenerINS_23TextAreaWithOneWildcardEEE)
 <LI><a href="#[1d5]">touchgfx::DMA_Interface::addToQueue(const touchgfx::BlitOp&)</a> from dma.o(i._ZN8touchgfx13DMA_Interface10addToQueueERKNS_6BlitOpE) referenced from stm32dma.o(.constdata__ZTV8STM32DMA)
 <LI><a href="#[1df]">touchgfx::DMA_Interface::enableAlpha(unsigned char)</a> from dma.o(i._ZN8touchgfx13DMA_Interface11enableAlphaEh) referenced from stm32dma.o(.constdata__ZTV8STM32DMA)
 <LI><a href="#[1e0]">touchgfx::DMA_Interface::disableAlpha()</a> from dma.o(i._ZN8touchgfx13DMA_Interface12disableAlphaEv) referenced from stm32dma.o(.constdata__ZTV8STM32DMA)
 <LI><a href="#[1dc]">touchgfx::DMA_Interface::seedExecution()</a> from dma.o(i._ZN8touchgfx13DMA_Interface13seedExecutionEv) referenced from stm32dma.o(.constdata__ZTV8STM32DMA)
 <LI><a href="#[1db]">touchgfx::DMA_Interface::executeCompleted()</a> from dma.o(i._ZN8touchgfx13DMA_Interface16executeCompletedEv) referenced from stm32dma.o(.constdata__ZTV8STM32DMA)
 <LI><a href="#[1e1]">touchgfx::DMA_Interface::waitForFrameBufferSemaphore()</a> from dma.o(i._ZN8touchgfx13DMA_Interface27waitForFrameBufferSemaphoreEv) referenced from stm32dma.o(.constdata__ZTV8STM32DMA)
 <LI><a href="#[1d6]">touchgfx::DMA_Interface::flush()</a> from stm32dma.o(i._ZN8touchgfx13DMA_Interface5flushEv) referenced from stm32dma.o(.constdata__ZTV8STM32DMA)
 <LI><a href="#[1d8]">touchgfx::DMA_Interface::start()</a> from dma.o(i._ZN8touchgfx13DMA_Interface5startEv) referenced from stm32dma.o(.constdata__ZTV8STM32DMA)
 <LI><a href="#[1da]">touchgfx::DMA_Interface::execute()</a> from dma.o(i._ZN8touchgfx13DMA_Interface7executeEv) referenced from stm32dma.o(.constdata__ZTV8STM32DMA)
 <LI><a href="#[9b]">touchgfx::GeneratedFont::~GeneratedFont()</a> from generatedfont.o(i._ZN8touchgfx13GeneratedFontD1Ev) referenced from generatedfont.o(.constdata__ZTVN8touchgfx13GeneratedFontE)
 <LI><a href="#[9b]">touchgfx::GeneratedFont::~GeneratedFont()</a> from generatedfont.o(i._ZN8touchgfx13GeneratedFontD1Ev) referenced from table_verdana_10_4bpp.o(i._Z23getFont_verdana_10_4bppv)
 <LI><a href="#[9b]">touchgfx::GeneratedFont::~GeneratedFont()</a> from generatedfont.o(i._ZN8touchgfx13GeneratedFontD1Ev) referenced from table_verdana_28_4bpp.o(i._Z23getFont_verdana_28_4bppv)
 <LI><a href="#[9b]">touchgfx::GeneratedFont::~GeneratedFont()</a> from generatedfont.o(i._ZN8touchgfx13GeneratedFontD1Ev) referenced from table_verdana_40_4bpp.o(i._Z23getFont_verdana_40_4bppv)
 <LI><a href="#[9b]">touchgfx::GeneratedFont::~GeneratedFont()</a> from generatedfont.o(i._ZN8touchgfx13GeneratedFontD1Ev) referenced from table_microsoftyahei_32_4bpp.o(i._Z30getFont_MicrosoftYaHei_32_4bppv)
 <LI><a href="#[9b]">touchgfx::GeneratedFont::~GeneratedFont()</a> from generatedfont.o(i._ZN8touchgfx13GeneratedFontD1Ev) referenced from table_microsoftyahei_bold_28_4bpp.o(i._Z35getFont_MicrosoftYaHei_Bold_28_4bppv)
 <LI><a href="#[9b]">touchgfx::GeneratedFont::~GeneratedFont()</a> from generatedfont.o(i._ZN8touchgfx13GeneratedFontD1Ev) referenced from table_microsoftyahei_bold_30_4bpp.o(i._Z35getFont_MicrosoftYaHei_Bold_30_4bppv)
 <LI><a href="#[9b]">touchgfx::GeneratedFont::~GeneratedFont()</a> from generatedfont.o(i._ZN8touchgfx13GeneratedFontD1Ev) referenced from table_microsoftyahei_bold_40_4bpp.o(i._Z35getFont_MicrosoftYaHei_Bold_40_4bppv)
 <LI><a href="#[207]">touchgfx::AbstractButton::executeAction()</a> from button.o(i._ZN8touchgfx14AbstractButton13executeActionEv) referenced from buttonwithlabel.o(.constdata__ZTVN8touchgfx15ButtonWithLabelE)
 <LI><a href="#[207]">touchgfx::AbstractButton::executeAction()</a> from button.o(i._ZN8touchgfx14AbstractButton13executeActionEv) referenced from button.o(.constdata__ZTVN8touchgfx6ButtonE)
 <LI><a href="#[206]">touchgfx::AbstractButton::handleClickEvent(const touchgfx::ClickEvent&)</a> from abstractbutton.o(i._ZN8touchgfx14AbstractButton16handleClickEventERKNS_10ClickEventE) referenced from buttonwithlabel.o(.constdata__ZTVN8touchgfx15ButtonWithLabelE)
 <LI><a href="#[206]">touchgfx::AbstractButton::handleClickEvent(const touchgfx::ClickEvent&)</a> from abstractbutton.o(i._ZN8touchgfx14AbstractButton16handleClickEventERKNS_10ClickEventE) referenced from button.o(.constdata__ZTVN8touchgfx6ButtonE)
 <LI><a href="#[175]">touchgfx::MVPApplication::handlePendingScreenTransition()</a> from touchgfxconfiguration.o(i._ZN8touchgfx14MVPApplication29handlePendingScreenTransitionEv) referenced from frontendapplication.o(.constdata__ZTV19FrontendApplication)
 <LI><a href="#[175]">touchgfx::MVPApplication::handlePendingScreenTransition()</a> from touchgfxconfiguration.o(i._ZN8touchgfx14MVPApplication29handlePendingScreenTransitionEv) referenced from touchgfxconfiguration.o(.constdata__ZTV23FrontendApplicationBase)
 <LI><a href="#[175]">touchgfx::MVPApplication::handlePendingScreenTransition()</a> from touchgfxconfiguration.o(i._ZN8touchgfx14MVPApplication29handlePendingScreenTransitionEv) referenced from frontendapplicationbase.o(.constdata__ZTVN8touchgfx14MVPApplicationE)
 <LI><a href="#[203]">touchgfx::ButtonWithLabel::~ButtonWithLabel()</a> from keyboard.o(i._ZN8touchgfx15ButtonWithLabelD1Ev) referenced from buttonwithlabel.o(.constdata__ZTVN8touchgfx15ButtonWithLabelE)
 <LI><a href="#[209]">touchgfx::AbstractPartition::~AbstractPartition__sub_object()</a> from abstractpartition.o(i._ZN8touchgfx17AbstractPartitionD2Ev) referenced from abstractpartition.o(.constdata__ZTVN8touchgfx17AbstractPartitionE)
 <LI><a href="#[20d]">touchgfx::LockFreeDMA_Queue::pushCopyOf(const touchgfx::BlitOp&)</a> from dma.o(i._ZN8touchgfx17LockFreeDMA_Queue10pushCopyOfERKNS_6BlitOpE) referenced from dma.o(.constdata__ZTVN8touchgfx17LockFreeDMA_QueueE)
 <LI><a href="#[20e]">touchgfx::LockFreeDMA_Queue::pop()</a> from dma.o(i._ZN8touchgfx17LockFreeDMA_Queue3popEv) referenced from dma.o(.constdata__ZTVN8touchgfx17LockFreeDMA_QueueE)
 <LI><a href="#[20f]">touchgfx::LockFreeDMA_Queue::first()</a> from dma.o(i._ZN8touchgfx17LockFreeDMA_Queue5firstEv) referenced from dma.o(.constdata__ZTVN8touchgfx17LockFreeDMA_QueueE)
 <LI><a href="#[20c]">touchgfx::LockFreeDMA_Queue::isFull()</a> from dma.o(i._ZN8touchgfx17LockFreeDMA_Queue6isFullEv) referenced from dma.o(.constdata__ZTVN8touchgfx17LockFreeDMA_QueueE)
 <LI><a href="#[20b]">touchgfx::LockFreeDMA_Queue::isEmpty()</a> from dma.o(i._ZN8touchgfx17LockFreeDMA_Queue7isEmptyEv) referenced from dma.o(.constdata__ZTVN8touchgfx17LockFreeDMA_QueueE)
 <LI><a href="#[214]">touchgfx::MCUInstrumentation::getCCConsumed()</a> from cortexmmcuinstrumentation.o(i._ZN8touchgfx18MCUInstrumentation13getCCConsumedEv) referenced from cortexmmcuinstrumentation.o(.constdata__ZTVN8touchgfx25CortexMMCUInstrumentationE)
 <LI><a href="#[215]">touchgfx::MCUInstrumentation::setCCConsumed(unsigned)</a> from cortexmmcuinstrumentation.o(i._ZN8touchgfx18MCUInstrumentation13setCCConsumedEj) referenced from cortexmmcuinstrumentation.o(.constdata__ZTVN8touchgfx25CortexMMCUInstrumentationE)
 <LI><a href="#[1f0]">touchgfx::TextAreaWithOneWildcard::getTextHeight()</a> from screen1viewbase.o(i._ZN8touchgfx23TextAreaWithOneWildcard13getTextHeightEv) referenced from screen1viewbase.o(.constdata__ZTVN8touchgfx13ClickListenerINS_23TextAreaWithOneWildcardEEE)
 <LI><a href="#[1f0]">touchgfx::TextAreaWithOneWildcard::getTextHeight()</a> from screen1viewbase.o(i._ZN8touchgfx23TextAreaWithOneWildcard13getTextHeightEv) referenced from textareawithwildcard.o(.constdata__ZTVN8touchgfx23TextAreaWithOneWildcardE)
 <LI><a href="#[210]">touchgfx::TextAreaWithOneWildcard::~TextAreaWithOneWildcard()</a> from screen1view.o(i._ZN8touchgfx23TextAreaWithOneWildcardD1Ev) referenced from textareawithwildcard.o(.constdata__ZTVN8touchgfx23TextAreaWithOneWildcardE)
 <LI><a href="#[212]">touchgfx::CortexMMCUInstrumentation::getCPUCycles()</a> from cortexmmcuinstrumentation.o(i._ZN8touchgfx25CortexMMCUInstrumentation12getCPUCyclesEv) referenced from cortexmmcuinstrumentation.o(.constdata__ZTVN8touchgfx25CortexMMCUInstrumentationE)
 <LI><a href="#[213]">touchgfx::CortexMMCUInstrumentation::setMCUActive(bool)</a> from cortexmmcuinstrumentation.o(i._ZN8touchgfx25CortexMMCUInstrumentation12setMCUActiveEb) referenced from cortexmmcuinstrumentation.o(.constdata__ZTVN8touchgfx25CortexMMCUInstrumentationE)
 <LI><a href="#[211]">touchgfx::CortexMMCUInstrumentation::init()</a> from cortexmmcuinstrumentation.o(i._ZN8touchgfx25CortexMMCUInstrumentation4initEv) referenced from cortexmmcuinstrumentation.o(.constdata__ZTVN8touchgfx25CortexMMCUInstrumentationE)
 <LI><a href="#[ba]">touchgfx::CortexMMCUInstrumentation::~CortexMMCUInstrumentation()</a> from cortexmmcuinstrumentation.o(i._ZN8touchgfx25CortexMMCUInstrumentationD1Ev) referenced from cortexmmcuinstrumentation.o(.constdata__ZTVN8touchgfx25CortexMMCUInstrumentationE)
 <LI><a href="#[ba]">touchgfx::CortexMMCUInstrumentation::~CortexMMCUInstrumentation()</a> from cortexmmcuinstrumentation.o(i._ZN8touchgfx25CortexMMCUInstrumentationD1Ev) referenced from touchgfxhal.o(i.__sti___15_TouchGFXHAL_cpp_c3b64dc6)
 <LI><a href="#[21f]">touchgfx::HAL::FlushCache()</a> from hal.o(i._ZN8touchgfx3HAL10FlushCacheEv) referenced from hal.o(.constdata__ZTVN8touchgfx3HALE)
 <LI><a href="#[21c]">touchgfx::HAL::beginFrame()</a> from hal.o(i._ZN8touchgfx3HAL10beginFrameEv) referenced from hal.o(.constdata__ZTVN8touchgfx3HALE)
 <LI><a href="#[218]">touchgfx::HAL::initialize()</a> from hal.o(i._ZN8touchgfx3HAL10initializeEv) referenced from hal.o(.constdata__ZTVN8touchgfx3HALE)
 <LI><a href="#[e8]">touchgfx::HAL::getBlitCaps()</a> from touchgfxhal.o(i._ZN8touchgfx3HAL11getBlitCapsEv) referenced from touchgfxhal.o(.constdata__ZTV11TouchGFXHAL)
 <LI><a href="#[e8]">touchgfx::HAL::getBlitCaps()</a> from touchgfxhal.o(i._ZN8touchgfx3HAL11getBlitCapsEv) referenced from hal.o(.constdata__ZTVN8touchgfx3HALE)
 <LI><a href="#[ed]">touchgfx::HAL::blitCopyGlyph(const unsigned char*, unsigned short, unsigned short, unsigned short, unsigned short, unsigned short, touchgfx::colortype, unsigned char, touchgfx::BlitOperations, bool)</a> from hal.o(i._ZN8touchgfx3HAL13blitCopyGlyphEPKhtttttNS_9colortypeEhNS_14BlitOperationsEb) referenced from touchgfxhal.o(.constdata__ZTV11TouchGFXHAL)
 <LI><a href="#[ed]">touchgfx::HAL::blitCopyGlyph(const unsigned char*, unsigned short, unsigned short, unsigned short, unsigned short, unsigned short, touchgfx::colortype, unsigned char, touchgfx::BlitOperations, bool)</a> from hal.o(i._ZN8touchgfx3HAL13blitCopyGlyphEPKhtttttNS_9colortypeEhNS_14BlitOperationsEb) referenced from hal.o(.constdata__ZTVN8touchgfx3HALE)
 <LI><a href="#[21e]">touchgfx::HAL::InvalidateCache()</a> from hal.o(i._ZN8touchgfx3HAL15InvalidateCacheEv) referenced from hal.o(.constdata__ZTVN8touchgfx3HALE)
 <LI><a href="#[f1]">touchgfx::HAL::backPorchExited()</a> from touchgfxhal.o(i._ZN8touchgfx3HAL15backPorchExitedEv) referenced from touchgfxhal.o(.constdata__ZTV11TouchGFXHAL)
 <LI><a href="#[f1]">touchgfx::HAL::backPorchExited()</a> from touchgfxhal.o(i._ZN8touchgfx3HAL15backPorchExitedEv) referenced from hal.o(.constdata__ZTVN8touchgfx3HALE)
 <LI><a href="#[e4]">touchgfx::HAL::lockFrameBuffer()</a> from hal.o(i._ZN8touchgfx3HAL15lockFrameBufferEv) referenced from touchgfxhal.o(.constdata__ZTV11TouchGFXHAL)
 <LI><a href="#[e4]">touchgfx::HAL::lockFrameBuffer()</a> from hal.o(i._ZN8touchgfx3HAL15lockFrameBufferEv) referenced from hal.o(.constdata__ZTVN8touchgfx3HALE)
 <LI><a href="#[ec]">touchgfx::HAL::blitCopyARGB8888(const unsigned short*, unsigned short, unsigned short, unsigned short, unsigned short, unsigned short, unsigned char, bool)</a> from hal.o(i._ZN8touchgfx3HAL16blitCopyARGB8888EPKtttttthb) referenced from touchgfxhal.o(.constdata__ZTV11TouchGFXHAL)
[...]
<BR><BR>[Stack]<UL><LI>Max Depth = 2164<LI>Call Chain = JPEG_Set_HuffEnc_Mem &rArr; JPEG_Set_HuffAC_Mem &rArr; JPEG_ACHuff_BitsVals_To_SizeCodes &rArr; JPEG_Bits_To_SizeCodes
</UL>
<BR>[Calls]<UL><LI><a href="#[2ee]">&gt;&gt;</a>&nbsp;&nbsp;&nbsp;JPEG_Set_Huff_DHTMem
<LI><a href="#[2ed]">&gt;&gt;</a>&nbsp;&nbsp;&nbsp;JPEG_Set_HuffDC_Mem
<LI><a href="#[2ec]">&gt;&gt;</a>&nbsp;&nbsp;&nbsp;JPEG_Set_HuffAC_Mem
</UL>
<BR>[Called By]<UL><LI><a href="#[2ae]">&gt;&gt;</a>&nbsp;&nbsp;&nbsp;HAL_JPEG_Init
</UL>

<P><STRONG><a name="[2ee]"></a>JPEG_Set_Huff_DHTMem</STRONG> (Thumb, 582 bytes, Stack size 28 bytes, stm32f7xx_hal_jpeg.o(i.JPEG_Set_Huff_DHTMem))
<BR><BR>[Stack]<UL><LI>Max Depth = 28<LI>Call Chain = JPEG_Set_Huff_DHTMem
</UL>
<BR>[Called By]<UL><LI><a href="#[2b0]">&gt;&gt;</a>&nbsp;&nbsp;&nbsp;JPEG_Set_HuffEnc_Mem
</UL>

<P><STRONG><a name="[2eb]"></a>JPEG_StoreOutputData</STRONG> (Thumb, 276 bytes, Stack size 24 bytes, stm32f7xx_hal_jpeg.o(i.JPEG_StoreOutputData))
<BR><BR>[Stack]<UL><LI>Max Depth = 48<LI>Call Chain = JPEG_StoreOutputData &rArr; HAL_JPEG_DataReadyCallback
</UL>
<BR>[Calls]<UL><LI><a href="#[29d]">&gt;&gt;</a>&nbsp;&nbsp;&nbsp;HAL_JPEG_DataReadyCallback
</UL>
<BR>[Called By]<UL><LI><a href="#[2aa]">&gt;&gt;</a>&nbsp;&nbsp;&nbsp;JPEG_Process
</UL>

<P><STRONG><a name="[2b5]"></a>LTDC_SetConfig</STRONG> (Thumb, 464 bytes, Stack size 48 bytes, stm32f7xx_hal_ltdc.o(i.LTDC_SetConfig))
<BR><BR>[Stack]<UL><LI>Max Depth = 48<LI>Call Chain = LTDC_SetConfig
</UL>
<BR>[Called By]<UL><LI><a href="#[2b3]">&gt;&gt;</a>&nbsp;&nbsp;&nbsp;HAL_LTDC_ConfigLayer
</UL>

<P><STRONG><a name="[2c0]"></a>QSPI_Config</STRONG> (Thumb, 424 bytes, Stack size 28 bytes, stm32f7xx_hal_qspi.o(i.QSPI_Config))
<BR><BR>[Stack]<UL><LI>Max Depth = 28<LI>Call Chain = QSPI_Config
</UL>
<BR>[Called By]<UL><LI><a href="#[2c4]">&gt;&gt;</a>&nbsp;&nbsp;&nbsp;HAL_QSPI_MemoryMapped
<LI><a href="#[2c1]">&gt;&gt;</a>&nbsp;&nbsp;&nbsp;HAL_QSPI_Command
<LI><a href="#[2be]">&gt;&gt;</a>&nbsp;&nbsp;&nbsp;HAL_QSPI_AutoPolling
</UL>

<P><STRONG><a name="[2bf]"></a>QSPI_WaitFlagStateUntilTimeout</STRONG> (Thumb, 72 bytes, Stack size 24 bytes, stm32f7xx_hal_qspi.o(i.QSPI_WaitFlagStateUntilTimeout))
<BR><BR>[Stack]<UL><LI>Max Depth = 24<LI>Call Chain = QSPI_WaitFlagStateUntilTimeout
</UL>
<BR>[Calls]<UL><LI><a href="#[26a]">&gt;&gt;</a>&nbsp;&nbsp;&nbsp;HAL_GetTick
</UL>
<BR>[Called By]<UL><LI><a href="#[2c6]">&gt;&gt;</a>&nbsp;&nbsp;&nbsp;HAL_QSPI_Transmit
<LI><a href="#[2c5]">&gt;&gt;</a>&nbsp;&nbsp;&nbsp;HAL_QSPI_Receive
<LI><a href="#[2c4]">&gt;&gt;</a>&nbsp;&nbsp;&nbsp;HAL_QSPI_MemoryMapped
<LI><a href="#[2c2]">&gt;&gt;</a>&nbsp;&nbsp;&nbsp;HAL_QSPI_Init
<LI><a href="#[2c1]">&gt;&gt;</a>&nbsp;&nbsp;&nbsp;HAL_QSPI_Command
<LI><a href="#[2be]">&gt;&gt;</a>&nbsp;&nbsp;&nbsp;HAL_QSPI_AutoPolling
</UL>

<P><STRONG><a name="[44c]"></a>prvCopyDataFromQueue</STRONG> (Thumb, 38 bytes, Stack size 8 bytes, queue.o(i.prvCopyDataFromQueue))
<BR><BR>[Stack]<UL><LI>Max Depth = 8<LI>Call Chain = prvCopyDataFromQueue
</UL>
<BR>[Calls]<UL><LI><a href="#[3a0]">&gt;&gt;</a>&nbsp;&nbsp;&nbsp;__aeabi_memcpy
</UL>
<BR>[Called By]<UL><LI><a href="#[431]">&gt;&gt;</a>&nbsp;&nbsp;&nbsp;xQueueReceiveFromISR
<LI><a href="#[430]">&gt;&gt;</a>&nbsp;&nbsp;&nbsp;xQueueReceive
</UL>

<P><STRONG><a name="[44d]"></a>prvCopyDataToQueue</STRONG> (Thumb, 108 bytes, Stack size 24 bytes, queue.o(i.prvCopyDataToQueue))
<BR><BR>[Stack]<UL><LI>Max Depth = 40<LI>Call Chain = prvCopyDataToQueue &rArr; xTaskPriorityDisinherit
</UL>
<BR>[Calls]<UL><LI><a href="#[44e]">&gt;&gt;</a>&nbsp;&nbsp;&nbsp;xTaskPriorityDisinherit
<LI><a href="#[3a0]">&gt;&gt;</a>&nbsp;&nbsp;&nbsp;__aeabi_memcpy
</UL>
<BR>[Called By]<UL><LI><a href="#[436]">&gt;&gt;</a>&nbsp;&nbsp;&nbsp;xQueueGenericSendFromISR
<LI><a href="#[435]">&gt;&gt;</a>&nbsp;&nbsp;&nbsp;xQueueGenericSend
</UL>

<P><STRONG><a name="[452]"></a>prvInitialiseMutex</STRONG> (Thumb, 22 bytes, Stack size 0 bytes, queue.o(i.prvInitialiseMutex))
<BR><BR>[Stack]<UL><LI>Max Depth = 112<LI>Call Chain = prvInitialiseMutex &rArr; xQueueGenericSend &rArr; xTaskResumeAll &rArr; xTaskIncrementTick
</UL>
<BR>[Calls]<UL><LI><a href="#[435]">&gt;&gt;</a>&nbsp;&nbsp;&nbsp;xQueueGenericSend
</UL>
<BR>[Called By]<UL><LI><a href="#[43a]">&gt;&gt;</a>&nbsp;&nbsp;&nbsp;xQueueCreateMutexStatic
<LI><a href="#[43b]">&gt;&gt;</a>&nbsp;&nbsp;&nbsp;xQueueCreateMutex
</UL>

<P><STRONG><a name="[453]"></a>prvInitialiseNewQueue</STRONG> (Thumb, 34 bytes, Stack size 16 bytes, queue.o(i.prvInitialiseNewQueue))
<BR><BR>[Stack]<UL><LI>Max Depth = 64<LI>Call Chain = prvInitialiseNewQueue &rArr; xQueueGenericReset &rArr; xTaskRemoveFromEventList
</UL>
<BR>[Calls]<UL><LI><a href="#[454]">&gt;&gt;</a>&nbsp;&nbsp;&nbsp;xQueueGenericReset
</UL>
<BR>[Called By]<UL><LI><a href="#[432]">&gt;&gt;</a>&nbsp;&nbsp;&nbsp;xQueueGenericCreateStatic
<LI><a href="#[433]">&gt;&gt;</a>&nbsp;&nbsp;&nbsp;xQueueGenericCreate
</UL>

<P><STRONG><a name="[459]"></a>prvIsQueueEmpty</STRONG> (Thumb, 28 bytes, Stack size 8 bytes, queue.o(i.prvIsQueueEmpty))
<BR><BR>[Stack]<UL><LI>Max Depth = 8<LI>Call Chain = prvIsQueueEmpty
</UL>
<BR>[Calls]<UL><LI><a href="#[44a]">&gt;&gt;</a>&nbsp;&nbsp;&nbsp;vPortExitCritical
<LI><a href="#[448]">&gt;&gt;</a>&nbsp;&nbsp;&nbsp;vPortEnterCritical
</UL>
<BR>[Called By]<UL><LI><a href="#[439]">&gt;&gt;</a>&nbsp;&nbsp;&nbsp;xQueueSemaphoreTake
<LI><a href="#[430]">&gt;&gt;</a>&nbsp;&nbsp;&nbsp;xQueueReceive
</UL>

<P><STRONG><a name="[463]"></a>prvUnlockQueue</STRONG> (Thumb, 106 bytes, Stack size 24 bytes, queue.o(i.prvUnlockQueue))
<BR><BR>[Stack]<UL><LI>Max Depth = 40<LI>Call Chain = prvUnlockQueue &rArr; xTaskRemoveFromEventList
</UL>
<BR>[Calls]<UL><LI><a href="#[464]">&gt;&gt;</a>&nbsp;&nbsp;&nbsp;xTaskRemoveFromEventList
<LI><a href="#[465]">&gt;&gt;</a>&nbsp;&nbsp;&nbsp;vTaskMissedYield
<LI><a href="#[44a]">&gt;&gt;</a>&nbsp;&nbsp;&nbsp;vPortExitCritical
<LI><a href="#[448]">&gt;&gt;</a>&nbsp;&nbsp;&nbsp;vPortEnterCritical
</UL>
<BR>[Called By]<UL><LI><a href="#[439]">&gt;&gt;</a>&nbsp;&nbsp;&nbsp;xQueueSemaphoreTake
<LI><a href="#[430]">&gt;&gt;</a>&nbsp;&nbsp;&nbsp;xQueueReceive
<LI><a href="#[435]">&gt;&gt;</a>&nbsp;&nbsp;&nbsp;xQueueGenericSend
<LI><a href="#[460]">&gt;&gt;</a>&nbsp;&nbsp;&nbsp;vQueueWaitForMessageRestricted
</UL>

<P><STRONG><a name="[443]"></a>prvAddCurrentTaskToDelayedList</STRONG> (Thumb, 84 bytes, Stack size 24 bytes, tasks.o(i.prvAddCurrentTaskToDelayedList))
<BR><BR>[Stack]<UL><LI>Max Depth = 36<LI>Call Chain = prvAddCurrentTaskToDelayedList &rArr; vListInsert
</UL>
<BR>[Calls]<UL><LI><a href="#[445]">&gt;&gt;</a>&nbsp;&nbsp;&nbsp;vListInsertEnd
<LI><a href="#[446]">&gt;&gt;</a>&nbsp;&nbsp;&nbsp;vListInsert
<LI><a href="#[444]">&gt;&gt;</a>&nbsp;&nbsp;&nbsp;uxListRemove
</UL>
<BR>[Called By]<UL><LI><a href="#[42e]">&gt;&gt;</a>&nbsp;&nbsp;&nbsp;vTaskDelay
<LI><a href="#[470]">&gt;&gt;</a>&nbsp;&nbsp;&nbsp;vTaskPlaceOnEventListRestricted
<LI><a href="#[471]">&gt;&gt;</a>&nbsp;&nbsp;&nbsp;vTaskPlaceOnEventList
</UL>

<P><STRONG><a name="[447]"></a>prvAddNewTaskToReadyList</STRONG> (Thumb, 190 bytes, Stack size 24 bytes, tasks.o(i.prvAddNewTaskToReadyList))
<BR><BR>[Stack]<UL><LI>Max Depth = 24<LI>Call Chain = prvAddNewTaskToReadyList
</UL>
<BR>[Calls]<UL><LI><a href="#[445]">&gt;&gt;</a>&nbsp;&nbsp;&nbsp;vListInsertEnd
<LI><a href="#[44a]">&gt;&gt;</a>&nbsp;&nbsp;&nbsp;vPortExitCritical
<LI><a href="#[448]">&gt;&gt;</a>&nbsp;&nbsp;&nbsp;vPortEnterCritical
<LI><a href="#[449]">&gt;&gt;</a>&nbsp;&nbsp;&nbsp;vListInitialise
</UL>
<BR>[Called By]<UL><LI><a href="#[441]">&gt;&gt;</a>&nbsp;&nbsp;&nbsp;xTaskCreateStatic
<LI><a href="#[442]">&gt;&gt;</a>&nbsp;&nbsp;&nbsp;xTaskCreate
</UL>

<P><STRONG><a name="[44f]"></a>prvDeleteTCB</STRONG> (Thumb, 56 bytes, Stack size 8 bytes, tasks.o(i.prvDeleteTCB))
<BR><BR>[Stack]<UL><LI>Max Depth = 80<LI>Call Chain = prvDeleteTCB &rArr; vPortFree &rArr; xTaskResumeAll &rArr; xTaskIncrementTick
</UL>
<BR>[Calls]<UL><LI><a href="#[450]">&gt;&gt;</a>&nbsp;&nbsp;&nbsp;vPortFree
</UL>
<BR>[Called By]<UL><LI><a href="#[ca]">&gt;&gt;</a>&nbsp;&nbsp;&nbsp;prvIdleTask
</UL>

<P><STRONG><a name="[ca]"></a>prvIdleTask</STRONG> (Thumb, 86 bytes, Stack size 0 bytes, tasks.o(i.prvIdleTask))
<BR><BR>[Stack]<UL><LI>Max Depth = 80<LI>Call Chain = prvIdleTask &rArr; prvDeleteTCB &rArr; vPortFree &rArr; xTaskResumeAll &rArr; xTaskIncrementTick
</UL>
<BR>[Calls]<UL><LI><a href="#[451]">&gt;&gt;</a>&nbsp;&nbsp;&nbsp;vApplicationIdleHook
<LI><a href="#[44f]">&gt;&gt;</a>&nbsp;&nbsp;&nbsp;prvDeleteTCB
<LI><a href="#[444]">&gt;&gt;</a>&nbsp;&nbsp;&nbsp;uxListRemove
<LI><a href="#[44a]">&gt;&gt;</a>&nbsp;&nbsp;&nbsp;vPortExitCritical
<LI><a href="#[448]">&gt;&gt;</a>&nbsp;&nbsp;&nbsp;vPortEnterCritical
</UL>
<BR>[Address Reference Count : 1]<UL><LI> tasks.o(i.vTaskStartScheduler)
</UL>
<P><STRONG><a name="[455]"></a>prvInitialiseNewTask</STRONG> (Thumb, 182 bytes, Stack size 40 bytes, tasks.o(i.prvInitialiseNewTask))
<BR><BR>[Stack]<UL><LI>Max Depth = 56<LI>Call Chain = prvInitialiseNewTask &rArr; pxPortInitialiseStack
</UL>
<BR>[Calls]<UL><LI><a href="#[457]">&gt;&gt;</a>&nbsp;&nbsp;&nbsp;pxPortInitialiseStack
<LI><a href="#[456]">&gt;&gt;</a>&nbsp;&nbsp;&nbsp;vListInitialiseItem
<LI><a href="#[252]">&gt;&gt;</a>&nbsp;&nbsp;&nbsp;__aeabi_memset
</UL>
<BR>[Called By]<UL><LI><a href="#[441]">&gt;&gt;</a>&nbsp;&nbsp;&nbsp;xTaskCreateStatic
<LI><a href="#[442]">&gt;&gt;</a>&nbsp;&nbsp;&nbsp;xTaskCreate
</UL>

<P><STRONG><a name="[481]"></a>prvResetNextTaskUnblockTime</STRONG> (Thumb, 26 bytes, Stack size 0 bytes, tasks.o(i.prvResetNextTaskUnblockTime))
<BR><BR>[Called By]<UL><LI><a href="#[314]">&gt;&gt;</a>&nbsp;&nbsp;&nbsp;xTaskIncrementTick
<LI><a href="#[45f]">&gt;&gt;</a>&nbsp;&nbsp;&nbsp;xTaskResumeAll
</UL>

<P><STRONG><a name="[44b]"></a>prvCheckForValidListAndQueue</STRONG> (Thumb, 72 bytes, Stack size 16 bytes, timers.o(i.prvCheckForValidListAndQueue))
<BR><BR>[Stack]<UL><LI>Max Depth = 104<LI>Call Chain = prvCheckForValidListAndQueue &rArr; xQueueGenericCreateStatic &rArr; prvInitialiseNewQueue &rArr; xQueueGenericReset &rArr; xTaskRemoveFromEventList
</UL>
<BR>[Calls]<UL><LI><a href="#[432]">&gt;&gt;</a>&nbsp;&nbsp;&nbsp;xQueueGenericCreateStatic
<LI><a href="#[434]">&gt;&gt;</a>&nbsp;&nbsp;&nbsp;vQueueAddToRegistry
<LI><a href="#[44a]">&gt;&gt;</a>&nbsp;&nbsp;&nbsp;vPortExitCritical
<LI><a href="#[448]">&gt;&gt;</a>&nbsp;&nbsp;&nbsp;vPortEnterCritical
<LI><a href="#[449]">&gt;&gt;</a>&nbsp;&nbsp;&nbsp;vListInitialise
</UL>
<BR>[Called By]<UL><LI><a href="#[474]">&gt;&gt;</a>&nbsp;&nbsp;&nbsp;xTimerCreateTimerTask
</UL>

<P><STRONG><a name="[458]"></a>prvInsertTimerInActiveList</STRONG> (Thumb, 54 bytes, Stack size 16 bytes, timers.o(i.prvInsertTimerInActiveList))
<BR><BR>[Stack]<UL><LI>Max Depth = 28<LI>Call Chain = prvInsertTimerInActiveList &rArr; vListInsert
</UL>
<BR>[Calls]<UL><LI><a href="#[446]">&gt;&gt;</a>&nbsp;&nbsp;&nbsp;vListInsert
</UL>
<BR>[Called By]<UL><LI><a href="#[45d]">&gt;&gt;</a>&nbsp;&nbsp;&nbsp;prvProcessTimerOrBlockTask
<LI><a href="#[45a]">&gt;&gt;</a>&nbsp;&nbsp;&nbsp;prvProcessReceivedCommands
</UL>

<P><STRONG><a name="[45a]"></a>prvProcessReceivedCommands</STRONG> (Thumb, 250 bytes, Stack size 48 bytes, timers.o(i.prvProcessReceivedCommands))
<BR><BR>[Stack]<UL><LI>Max Depth = 240<LI>Call Chain = prvProcessReceivedCommands &rArr; prvSampleTimeNow &rArr; prvSwitchTimerLists &rArr; xTimerGenericCommand &rArr; xQueueGenericSend &rArr; xTaskResumeAll &rArr; xTaskIncrementTick
</UL>
<BR>[Calls]<UL><LI><a href="#[45c]">&gt;&gt;</a>&nbsp;&nbsp;&nbsp;xTimerGenericCommand
<LI><a href="#[45b]">&gt;&gt;</a>&nbsp;&nbsp;&nbsp;prvSampleTimeNow
<LI><a href="#[458]">&gt;&gt;</a>&nbsp;&nbsp;&nbsp;prvInsertTimerInActiveList
<LI><a href="#[430]">&gt;&gt;</a>&nbsp;&nbsp;&nbsp;xQueueReceive
<LI><a href="#[444]">&gt;&gt;</a>&nbsp;&nbsp;&nbsp;uxListRemove
<LI><a href="#[450]">&gt;&gt;</a>&nbsp;&nbsp;&nbsp;vPortFree
</UL>
<BR>[Called By]<UL><LI><a href="#[cb]">&gt;&gt;</a>&nbsp;&nbsp;&nbsp;prvTimerTask
</UL>

<P><STRONG><a name="[45d]"></a>prvProcessTimerOrBlockTask</STRONG> (Thumb, 186 bytes, Stack size 32 bytes, timers.o(i.prvProcessTimerOrBlockTask))
<BR><BR>[Stack]<UL><LI>Max Depth = 224<LI>Call Chain = prvProcessTimerOrBlockTask &rArr; prvSampleTimeNow &rArr; prvSwitchTimerLists &rArr; xTimerGenericCommand &rArr; xQueueGenericSend &rArr; xTaskResumeAll &rArr; xTaskIncrementTick
</UL>
<BR>[Calls]<UL><LI><a href="#[45c]">&gt;&gt;</a>&nbsp;&nbsp;&nbsp;xTimerGenericCommand
<LI><a href="#[45b]">&gt;&gt;</a>&nbsp;&nbsp;&nbsp;prvSampleTimeNow
<LI><a href="#[458]">&gt;&gt;</a>&nbsp;&nbsp;&nbsp;prvInsertTimerInActiveList
<LI><a href="#[460]">&gt;&gt;</a>&nbsp;&nbsp;&nbsp;vQueueWaitForMessageRestricted
<LI><a href="#[444]">&gt;&gt;</a>&nbsp;&nbsp;&nbsp;uxListRemove
<LI><a href="#[45f]">&gt;&gt;</a>&nbsp;&nbsp;&nbsp;xTaskResumeAll
<LI><a href="#[45e]">&gt;&gt;</a>&nbsp;&nbsp;&nbsp;vTaskSuspendAll
</UL>
<BR>[Called By]<UL><LI><a href="#[cb]">&gt;&gt;</a>&nbsp;&nbsp;&nbsp;prvTimerTask
</UL>

<P><STRONG><a name="[45b]"></a>prvSampleTimeNow</STRONG> (Thumb, 36 bytes, Stack size 16 bytes, timers.o(i.prvSampleTimeNow))
<BR><BR>[Stack]<UL><LI>Max Depth = 192<LI>Call Chain = prvSampleTimeNow &rArr; prvSwitchTimerLists &rArr; xTimerGenericCommand &rArr; xQueueGenericSend &rArr; xTaskResumeAll &rArr; xTaskIncrementTick
</UL>
<BR>[Calls]<UL><LI><a href="#[462]">&gt;&gt;</a>&nbsp;&nbsp;&nbsp;prvSwitchTimerLists
<LI><a href="#[461]">&gt;&gt;</a>&nbsp;&nbsp;&nbsp;xTaskGetTickCount
</UL>
<BR>[Called By]<UL><LI><a href="#[45d]">&gt;&gt;</a>&nbsp;&nbsp;&nbsp;prvProcessTimerOrBlockTask
<LI><a href="#[45a]">&gt;&gt;</a>&nbsp;&nbsp;&nbsp;prvProcessReceivedCommands
</UL>

<P><STRONG><a name="[462]"></a>prvSwitchTimerLists</STRONG> (Thumb, 108 bytes, Stack size 24 bytes, timers.o(i.prvSwitchTimerLists))
<BR><BR>[Stack]<UL><LI>Max Depth = 176<LI>Call Chain = prvSwitchTimerLists &rArr; xTimerGenericCommand &rArr; xQueueGenericSend &rArr; xTaskResumeAll &rArr; xTaskIncrementTick
</UL>
<BR>[Calls]<UL><LI><a href="#[45c]">&gt;&gt;</a>&nbsp;&nbsp;&nbsp;xTimerGenericCommand
<LI><a href="#[446]">&gt;&gt;</a>&nbsp;&nbsp;&nbsp;vListInsert
<LI><a href="#[444]">&gt;&gt;</a>&nbsp;&nbsp;&nbsp;uxListRemove
</UL>
<BR>[Called By]<UL><LI><a href="#[45b]">&gt;&gt;</a>&nbsp;&nbsp;&nbsp;prvSampleTimeNow
</UL>

<P><STRONG><a name="[cb]"></a>prvTimerTask</STRONG> (Thumb, 32 bytes, Stack size 0 bytes, timers.o(i.prvTimerTask))
<BR><BR>[Stack]<UL><LI>Max Depth = 240<LI>Call Chain = prvTimerTask &rArr; prvProcessReceivedCommands &rArr; prvSampleTimeNow &rArr; prvSwitchTimerLists &rArr; xTimerGenericCommand &rArr; xQueueGenericSend &rArr; xTaskResumeAll &rArr; xTaskIncrementTick
</UL>
<BR>[Calls]<UL><LI><a href="#[45d]">&gt;&gt;</a>&nbsp;&nbsp;&nbsp;prvProcessTimerOrBlockTask
<LI><a href="#[45a]">&gt;&gt;</a>&nbsp;&nbsp;&nbsp;prvProcessReceivedCommands
</UL>
<BR>[Address Reference Count : 1]<UL><LI> timers.o(i.xTimerCreateTimerTask)
</UL>
<P><STRONG><a name="[467]"></a>prvHeapInit</STRONG> (Thumb, 66 bytes, Stack size 8 bytes, heap_4.o(i.prvHeapInit))
<BR><BR>[Stack]<UL><LI>Max Depth = 8<LI>Call Chain = prvHeapInit
</UL>
<BR>[Called By]<UL><LI><a href="#[466]">&gt;&gt;</a>&nbsp;&nbsp;&nbsp;pvPortMalloc
</UL>

<P><STRONG><a name="[468]"></a>prvInsertBlockIntoFreeList</STRONG> (Thumb, 72 bytes, Stack size 12 bytes, heap_4.o(i.prvInsertBlockIntoFreeList))
<BR><BR>[Stack]<UL><LI>Max Depth = 12<LI>Call Chain = prvInsertBlockIntoFreeList
</UL>
<BR>[Called By]<UL><LI><a href="#[450]">&gt;&gt;</a>&nbsp;&nbsp;&nbsp;vPortFree
<LI><a href="#[466]">&gt;&gt;</a>&nbsp;&nbsp;&nbsp;pvPortMalloc
</UL>

<P><STRONG><a name="[c7]"></a>prvTaskExitError</STRONG> (Thumb, 42 bytes, Stack size 0 bytes, port.o(i.prvTaskExitError))
<BR>[Address Reference Count : 1]<UL><LI> port.o(i.pxPortInitialiseStack)
</UL>
<P><STRONG><a name="[94]"></a>JPEG_MCU_Gray_ARGB_ConvertBlocks</STRONG> (Thumb, 126 bytes, Stack size 52 bytes, jpeg_utils.o(i.JPEG_MCU_Gray_ARGB_ConvertBlocks))
<BR><BR>[Stack]<UL><LI>Max Depth = 52<LI>Call Chain = JPEG_MCU_Gray_ARGB_ConvertBlocks
</UL>
<BR>[Address Reference Count : 1]<UL><LI> jpeg_utils.o(i.JPEG_GetDecodeColorConvertFunc)
</UL>
<P><STRONG><a name="[95]"></a>JPEG_MCU_YCCK_ARGB_ConvertBlocks</STRONG> (Thumb, 174 bytes, Stack size 60 bytes, jpeg_utils.o(i.JPEG_MCU_YCCK_ARGB_ConvertBlocks))
<BR><BR>[Stack]<UL><LI>Max Depth = 60<LI>Call Chain = JPEG_MCU_YCCK_ARGB_ConvertBlocks
</UL>
<BR>[Address Reference Count : 1]<UL><LI> jpeg_utils.o(i.JPEG_GetDecodeColorConvertFunc)
</UL>
<P><STRONG><a name="[92]"></a>JPEG_MCU_YCbCr420_ARGB_ConvertBlocks</STRONG> (Thumb, 468 bytes, Stack size 80 bytes, jpeg_utils.o(i.JPEG_MCU_YCbCr420_ARGB_ConvertBlocks))
<BR><BR>[Stack]<UL><LI>Max Depth = 80<LI>Call Chain = JPEG_MCU_YCbCr420_ARGB_ConvertBlocks
</UL>
<BR>[Address Reference Count : 1]<UL><LI> jpeg_utils.o(i.JPEG_GetDecodeColorConvertFunc)
</UL>
<P><STRONG><a name="[93]"></a>JPEG_MCU_YCbCr422_ARGB_ConvertBlocks</STRONG> (Thumb, 330 bytes, Stack size 80 bytes, jpeg_utils.o(i.JPEG_MCU_YCbCr422_ARGB_ConvertBlocks))
<BR><BR>[Stack]<UL><LI>Max Depth = 80<LI>Call Chain = JPEG_MCU_YCbCr422_ARGB_ConvertBlocks
</UL>
<BR>[Address Reference Count : 1]<UL><LI> jpeg_utils.o(i.JPEG_GetDecodeColorConvertFunc)
</UL>
<P><STRONG><a name="[91]"></a>JPEG_MCU_YCbCr444_ARGB_ConvertBlocks</STRONG> (Thumb, 236 bytes, Stack size 68 bytes, jpeg_utils.o(i.JPEG_MCU_YCbCr444_ARGB_ConvertBlocks))
<BR><BR>[Stack]<UL><LI>Max Depth = 68<LI>Call Chain = JPEG_MCU_YCbCr444_ARGB_ConvertBlocks
</UL>
<BR>[Address Reference Count : 1]<UL><LI> jpeg_utils.o(i.JPEG_GetDecodeColorConvertFunc)
</UL>
<P><STRONG><a name="[244]"></a>__sti___21_typedtextdatabase_cpp_05ec7672</STRONG> (Thumb, 48 bytes, Stack size 8 bytes, typedtextdatabase.o(i.__sti___21_typedtextdatabase_cpp_05ec7672))
<BR><BR>[Stack]<UL><LI>Max Depth = 160<LI>Call Chain = __sti___21_typedtextdatabase_cpp_05ec7672 &rArr; getFont_verdana_40_4bpp() &rArr; touchgfx::GeneratedFont::GeneratedFont(const touchgfx::GlyphNode*, unsigned short, unsigned short, unsigned char, unsigned char, unsigned char, unsigned char, unsigned char, const unsigned char*const *, const touchgfx::KerningNode*, unsigned short, unsigned short, const unsigned short*, const touchgfx::FontContextualFormsTable*) &rArr; touchgfx::ConstFont::ConstFont__sub_object(const touchgfx::GlyphNode*, unsigned short, unsigned short, unsigned char, unsigned char, unsigned char, unsigned char, unsigned char, unsigned short, unsigned short)
</UL>
<BR>[Calls]<UL><LI><a href="#[324]">&gt;&gt;</a>&nbsp;&nbsp;&nbsp;getFont_verdana_40_4bpp()
<LI><a href="#[323]">&gt;&gt;</a>&nbsp;&nbsp;&nbsp;getFont_verdana_28_4bpp()
<LI><a href="#[320]">&gt;&gt;</a>&nbsp;&nbsp;&nbsp;getFont_verdana_10_4bpp()
<LI><a href="#[328]">&gt;&gt;</a>&nbsp;&nbsp;&nbsp;getFont_MicrosoftYaHei_Bold_40_4bpp()
<LI><a href="#[327]">&gt;&gt;</a>&nbsp;&nbsp;&nbsp;getFont_MicrosoftYaHei_Bold_30_4bpp()
<LI><a href="#[326]">&gt;&gt;</a>&nbsp;&nbsp;&nbsp;getFont_MicrosoftYaHei_Bold_28_4bpp()
<LI><a href="#[325]">&gt;&gt;</a>&nbsp;&nbsp;&nbsp;getFont_MicrosoftYaHei_32_4bpp()
</UL>
<BR>[Address Reference Count : 1]<UL><LI> typedtextdatabase.o(.init_array)
</UL>
<P><STRONG><a name="[245]"></a>__sti___15_Application_cpp_63cd8d44</STRONG> (Thumb, 20 bytes, Stack size 8 bytes, application.o(i.__sti___15_Application_cpp_63cd8d44))
<BR><BR>[Stack]<UL><LI>Max Depth = 16<LI>Call Chain = __sti___15_Application_cpp_63cd8d44 &rArr; touchgfx::Rect::Rect(short, short, short, short)
</UL>
<BR>[Calls]<UL><LI><a href="#[389]">&gt;&gt;</a>&nbsp;&nbsp;&nbsp;touchgfx::Rect::Rect(short, short, short, short)
</UL>
<BR>[Address Reference Count : 1]<UL><LI> application.o(.init_array)
</UL>
<P><STRONG><a name="[246]"></a>__sti___7_LCD_cpp_86507772</STRONG> (Thumb, 8 bytes, Stack size 0 bytes, lcd.o(i.__sti___7_LCD_cpp_86507772))
<BR>[Address Reference Count : 1]<UL><LI> lcd.o(.init_array)
</UL><P>
<H3>
Undefined Global Symbols
</H3><HR></body></html>
