<html>
<body>
<pre>
<h1>µVision Build Log</h1>
<h2>Tool Versions:</h2>
IDE-Version: ¦ÌVision V5.36.0.0
Copyright (C) 2021 ARM Ltd and ARM Germany GmbH. All rights reserved.
License Information: cry cry, 123, LIC=BL28G-VFEN5-8YCVV-P07XC-6PJ1I-TEZ5Z
 
Tool Versions:
Toolchain:       MDK-ARM Professional  Version: 5.36.0.0
Toolchain Path:  G:\KeilMDK\keil_v5\ARM\ARMCC\Bin
C Compiler:      Armcc.exe V5.06 update 7 (build 960)
Assembler:       Armasm.exe V5.06 update 7 (build 960)
Linker/Locator:  ArmLink.exe V5.06 update 7 (build 960)
Library Manager: ArmAr.exe V5.06 update 7 (build 960)
Hex Converter:   FromElf.exe V5.06 update 7 (build 960)
CPU DLL:         SARMCM3.DLL V5.36.0.0
Dialog DLL:      DCM.DLL V1.17.3.0
Target DLL:      STLink\ST-LINKIII-KEIL_SWO.dll V3.0.9.0
Dialog DLL:      TCM.DLL V1.53.0.0
 
<h2>Project:</h2>
F:\MyProject\STM32F769_Keyboard\MDK-ARM\STM32F769I_DISCO.uvprojx
Project File Date:  07/31/2022

<h2>Output:</h2>
*** Using Compiler 'V5.06 update 7 (build 960)', folder: 'G:\KeilMDK\keil_v5\ARM\ARMCC\Bin'
*** Warning: You are compiling one or more files of source type C++ and have selected 'use MicroLIB'. MicroLIB does not support C++!
  
Rebuild target 'STM32F769I_DISCO'
assembling startup_stm32f769xx.s...
compiling KeySampler.cpp...
compiling CortexMMCUInstrumentation.cpp...
compiling TouchGFXGPIO.cpp...
compiling Buttons.cpp...
compiling STM32TouchController.cpp...
compiling TouchGFXHAL.cpp...
../TouchGFX/target/generated/TouchGFXGeneratedHAL.hpp(57): warning:  #1300-D: initialize inherits implicit virtual
      void initialize();
../TouchGFX/target/TouchGFXHAL.hpp(61): warning:  #1300-D: initialize inherits implicit virtual
      void initialize();
../TouchGFX/target/TouchGFXHAL.cpp: 2 warnings, 0 errors
compiling TouchGFXConfiguration.cpp...
../TouchGFX/target/generated/TouchGFXGeneratedHAL.hpp(57): warning:  #1300-D: initialize inherits implicit virtual
      void initialize();
../TouchGFX/target/TouchGFXHAL.hpp(61): warning:  #1300-D: initialize inherits implicit virtual
      void initialize();
../TouchGFX/target/generated/TouchGFXConfiguration.cpp: 2 warnings, 0 errors
compiling STM32DMA.cpp...
compiling TouchGFXGeneratedHAL.cpp...
../TouchGFX/target/generated/TouchGFXGeneratedHAL.hpp(57): warning:  #1300-D: initialize inherits implicit virtual
      void initialize();
../TouchGFX/target/generated/HardwareMJPEGDecoder.hpp(30): warning:  #1300-D: getLastError inherits implicit virtual
      AVIErrors getLastError() { return lastError; }
../middlewares/st/touchgfx/framework/include/touchgfx/widgets/VideoWidget.hpp(45): warning:  #1300-D: ~VideoWidget inherits implicit virtual
      ~VideoWidget();
../TouchGFX/target/generated/DedicatedBufferVideoController.hpp(51): warning:  #1300-D: registerVideoWidget inherits implicit virtual
      Handle registerVideoWidget(touchgfx::VideoWidget& widget)
../TouchGFX/target/generated/DedicatedBufferVideoController.hpp(80): warning:  #1300-D: unregisterVideoWidget inherits implicit virtual
      void unregisterVideoWidget(const Handle handle)
../TouchGFX/target/generated/DedicatedBufferVideoController.hpp(99): warning:  #1300-D: getCurrentFrameNumber inherits implicit virtual
      uint32_t getCurrentFrameNumber(const Handle handle)
../TouchGFX/target/generated/DedicatedBufferVideoController.hpp(106): warning:  #1300-D: setFrameRate inherits implicit virtual
      void setFrameRate(const Handle handle, uint32_t ui_frames, uint32_t video_frames)
../TouchGFX/target/generated/DedicatedBufferVideoController.hpp(122): warning:  #1300-D: setVideoData inherits implicit virtual
      void setVideoData(const Handle handle, const uint8_t* movie, const uint32_t length)
../TouchGFX/target/generated/DedicatedBufferVideoController.hpp(127): warning:  #1300-D: setVideoData inherits implicit virtual
      void setVideoData(const Handle handle, VideoDataReader& reader)
../TouchGFX/target/generated/DedicatedBufferVideoController.hpp(132): warning:  #1300-D: setCommand inherits implicit virtual
      void setCommand(const Handle handle, Command cmd, uint32_t param)
../TouchGFX/target/generated/DedicatedBufferVideoController.hpp(171): warning:  #1300-D: updateFrame inherits implicit virtual
      bool updateFrame(const Handle handle, touchgfx::VideoWidget& widget)
../TouchGFX/target/generated/DedicatedBufferVideoController.hpp(199): warning:  #1300-D: draw inherits implicit virtual
      void draw(const Handle handle, const touchgfx::Rect& invalidatedArea, const touchgfx::VideoWidget& widget)
../TouchGFX/target/generated/DedicatedBufferVideoController.hpp(306): warning:  #1300-D: getVideoInformation inherits implicit virtual
      void getVideoInformation(const Handle handle, touchgfx::VideoInformation* data)
../TouchGFX/target/generated/DedicatedBufferVideoController.hpp(312): warning:  #1300-D: getIsPlaying inherits implicit virtual
      bool getIsPlaying(const Handle handle)
../TouchGFX/target/generated/TouchGFXGeneratedHAL.cpp: 14 warnings, 0 errors
compiling app_touchgfx.c...
compiling OSWrappers.cpp...
compiling freertos.c...
compiling main.c...
compiling HardwareMJPEGDecoder.cpp...
../TouchGFX/target/generated/HardwareMJPEGDecoder.hpp(30): warning:  #1300-D: getLastError inherits implicit virtual
      AVIErrors getLastError() { return lastError; }
../TouchGFX/target/generated/HardwareMJPEGDecoder.cpp(61): warning:  #161-D: unrecognized #pragma
  #pragma location="CCMRAM"
../TouchGFX/target/generated/HardwareMJPEGDecoder.cpp: 2 warnings, 0 errors
compiling otm8009a.c...
compiling stm32f7xx_it.c...
compiling tgfx_jpeg_utils.c...
../TouchGFX/target/generated/tgfx_jpeg_utils.c(1925): warning:  #177-D: function "TGFX_JPEG_Set_K_Blocks"  was declared but never referenced
  static uint8_t *TGFX_JPEG_Set_K_Blocks(uint8_t *pMCUBuffer, uint8_t ptgfx_kBlocks[16][16], uint32_t ChromaSampling)
../TouchGFX/target/generated/tgfx_jpeg_utils.c: 1 warning, 0 errors
compiling stm32f7xx_hal_timebase_tim.c...
compiling stm32f7xx_hal_msp.c...
compiling ft6x06.c...
compiling stm32f7xx_hal_cortex.c...
compiling stm32f7xx_hal_crc_ex.c...
compiling stm32f7xx_hal_crc.c...
compiling stm32f7xx_hal_flash_ex.c...
compiling stm32f7xx_hal_flash.c...
compiling stm32f7xx_hal_rcc.c...
compiling stm32f7xx_hal_rcc_ex.c...
compiling stm32f7xx_hal_gpio.c...
compiling stm32f7xx_hal_pwr.c...
compiling stm32f7xx_hal_dma.c...
compiling stm32f7xx_hal_pwr_ex.c...
compiling stm32f7xx_hal.c...
compiling stm32f7xx_hal_dma_ex.c...
compiling stm32f7xx_hal_i2c_ex.c...
compiling stm32f7xx_hal_exti.c...
compiling stm32f7xx_ll_fmc.c...
compiling stm32f7xx_hal_sdram.c...
compiling stm32f7xx_hal_dma2d.c...
compiling stm32f7xx_hal_i2c.c...
compiling stm32f7xx_hal_dsi.c...
compiling stm32f7xx_hal_ltdc_ex.c...
compiling stm32f7xx_hal_ltdc.c...
compiling stm32f7xx_hal_jpeg.c...
compiling croutine.c...
compiling system_stm32f7xx.c...
compiling stm32f7xx_hal_qspi.c...
compiling stm32f7xx_hal_tim_ex.c...
compiling event_groups.c...
compiling list.c...
compiling heap_4.c...
compiling stream_buffer.c...
compiling queue.c...
compiling timers.c...
compiling stm32f7xx_hal_tim.c...
compiling tasks.c...
compiling libjpeg.c...
compiling port.c...
compiling cmsis_os2.c...
compiling FrontendApplication.cpp...
compiling Model.cpp...
compiling Pinyin.cpp...
compiling ApplicationFontProvider.cpp...
compiling Screen1Presenter.cpp...
compiling BitmapDatabase.cpp...
compiling Screen1View.cpp...
compiling jpeg_utils.c...
compiling Font_MicrosoftYaHei_32_4bpp_0.cpp...
compiling Keyboard.cpp...
compiling Font_MicrosoftYaHei_32_4bpp_10.cpp...
compiling CachedFont.cpp...
compiling Font_MicrosoftYaHei_32_4bpp_15.cpp...
compiling Font_MicrosoftYaHei_32_4bpp_18.cpp...
compiling Font_MicrosoftYaHei_32_4bpp_17.cpp...
compiling Font_MicrosoftYaHei_Bold_30_4bpp_10.cpp...
compiling Font_MicrosoftYaHei_Bold_28_4bpp_0.cpp...
compiling Font_MicrosoftYaHei_Bold_30_4bpp_11.cpp...
compiling Font_MicrosoftYaHei_Bold_30_4bpp_0.cpp...
compiling Font_MicrosoftYaHei_Bold_30_4bpp_15.cpp...
compiling Font_MicrosoftYaHei_Bold_30_4bpp_18.cpp...
compiling Font_MicrosoftYaHei_Bold_30_4bpp_17.cpp...
compiling Font_MicrosoftYaHei_Bold_30_4bpp_9.cpp...
compiling Font_MicrosoftYaHei_Bold_40_4bpp_0.cpp...
compiling Font_MicrosoftYaHei_Bold_40_4bpp_12.cpp...
compiling Font_MicrosoftYaHei_Bold_40_4bpp_14.cpp...
compiling Font_MicrosoftYaHei_Bold_40_4bpp_11.cpp...
compiling Font_MicrosoftYaHei_Bold_40_4bpp_16.cpp...
compiling Font_MicrosoftYaHei_Bold_40_4bpp_13.cpp...
compiling Font_MicrosoftYaHei_Bold_40_4bpp_10.cpp...
compiling Font_MicrosoftYaHei_Bold_40_4bpp_4.cpp...
compiling Font_verdana_10_4bpp_0.cpp...
compiling Font_MicrosoftYaHei_Bold_40_4bpp_15.cpp...
compiling Font_verdana_28_4bpp_0.cpp...
compiling Font_verdana_40_4bpp_0.cpp...
compiling FontCache.cpp...
compiling GeneratedFont.cpp...
compiling FrontendApplicationBase.cpp...
compiling Font_MicrosoftYaHei_Bold_40_4bpp_9.cpp...
compiling image_bl_bt_pre.cpp...
compiling image_cn_bt_pre.cpp...
compiling image_bl_bt_rel.cpp...
compiling image_cn_bt_rel.cpp...
compiling image_cn_lift_bt_pre.cpp...
compiling image_cn_lift_bt_rel.cpp...
compiling image_cn_right_bt_pre.cpp...
compiling image_cn_right_bt_rel.cpp...
compiling image_cn_select_bt_rel.cpp...
compiling image_cn_select_bt_pre.cpp...
compiling image_background.cpp...
compiling image_dx_bt_rel.cpp...
compiling image_eng_bt_rel.cpp...
compiling image_eng_dx_bt_pre.cpp...
compiling image_eng_bt_pre.cpp...
compiling image_eng_dx_bt_rel.cpp...
compiling image_ent_bt_pre.cpp...
compiling image_fuhao_bt_pre.cpp...
compiling image_ent_bt_rel.cpp...
compiling image_fuhao_bt_rel.cpp...
compiling Font_MicrosoftYaHei_Bold_40_4bpp_17.cpp...
compiling Font_MicrosoftYaHei_Bold_40_4bpp_18.cpp...
compiling Font_MicrosoftYaHei_Bold_40_4bpp_19.cpp...
compiling image_fuhao_dele_bt_rel.cpp...
compiling image_fun_bt_pre.cpp...
compiling image_fuhao_dele_bt_pre.cpp...
compiling image_fun_bt_rel.cpp...
compiling image_numb_bt_pre.cpp...
compiling image_numb_bt_rel.cpp...
compiling image_pinyin_bt_pre.cpp...
compiling image_pinyin_bt_rel.cpp...
compiling image_pinyin_select.cpp...
compiling Kerning_MicrosoftYaHei_32_4bpp.cpp...
compiling Kerning_MicrosoftYaHei_Bold_28_4bpp.cpp...
compiling image_pinyin_select_pre.cpp...
compiling image_pinyin_table.cpp...
compiling Kerning_MicrosoftYaHei_Bold_30_4bpp.cpp...
compiling Kerning_MicrosoftYaHei_Bold_40_4bpp.cpp...
compiling Kerning_verdana_10_4bpp.cpp...
compiling Kerning_verdana_28_4bpp.cpp...
compiling Kerning_verdana_40_4bpp.cpp...
compiling LanguageGb.cpp...
compiling Table_MicrosoftYaHei_32_4bpp.cpp...
compiling Table_MicrosoftYaHei_Bold_28_4bpp.cpp...
compiling Table_MicrosoftYaHei_Bold_30_4bpp.cpp...
compiling Screen1ViewBase.cpp...
compiling Table_verdana_28_4bpp.cpp...
compiling Table_verdana_10_4bpp.cpp...
compiling Table_verdana_40_4bpp.cpp...
compiling Texts.cpp...
compiling image_mianbackgroun.cpp...
compiling TypedTextDatabase.cpp...
compiling UnmappedDataFont.cpp...
compiling Table_MicrosoftYaHei_Bold_40_4bpp.cpp...
compiling KeyboardBase.cpp...
linking...
Program Size: Code=95230 RO-data=18859150 RW-data=772 ZI-data=410660  
FromELF: creating hex file...
"STM32F769I_DISCO\STM32F769I_DISCO.axf" - 0 Error(s), 21 Warning(s).

<h2>Software Packages used:</h2>

Package Vendor: ARM
                http://www.keil.com/pack/ARM.CMSIS.5.8.0.pack
                ARM.CMSIS.5.8.0
                CMSIS (Common Microcontroller Software Interface Standard)
   * Component: CORE Version: 5.5.0

Package Vendor: Keil
                http://www.keil.com/pack/Keil.STM32F7xx_DFP.2.14.1.pack
                Keil.STM32F7xx_DFP.2.14.1
                STMicroelectronics STM32F7 Series Device Support, Drivers and Examples

<h2>Collection of Component include folders:</h2>
  .\RTE\_STM32F769I_DISCO
  G:\KeilMDK\Packs\ARM\CMSIS\5.8.0\CMSIS\Core\Include
  G:\KeilMDK\Packs\Keil\STM32F7xx_DFP\2.14.1\Drivers\CMSIS\Device\ST\STM32F7xx\Include

<h2>Collection of Component Files used:</h2>

   * Component: ARM::CMSIS:CORE:5.5.0
Build Time Elapsed:  00:00:25
</pre>
</body>
</html>
